Archive member included because of file (symbol)

/Users/tyler/pebble-dev/PebbleSDK-2.0.2/Pebble/lib/libpebble.a(tmpMw9aXupebble.o)
                              src/itunes.c.26.o (action_bar_layer_add_to_window)

Allocating common symbols
Common symbol       size              file

wsConnected         0x1               src/main.c.26.o

Discarded input sections

 .text          0x0000000000000000        0x0 /Users/tyler/pebble-dev/PebbleSDK-2.0.2/arm-cs-tools/bin/../lib/gcc/arm-none-eabi/4.7.2/thumb2/crti.o
 .bss           0x0000000000000000        0x0 /Users/tyler/pebble-dev/PebbleSDK-2.0.2/arm-cs-tools/bin/../lib/gcc/arm-none-eabi/4.7.2/thumb2/crti.o
 .init          0x0000000000000000        0x4 /Users/tyler/pebble-dev/PebbleSDK-2.0.2/arm-cs-tools/bin/../lib/gcc/arm-none-eabi/4.7.2/thumb2/crti.o
 .fini          0x0000000000000000        0x4 /Users/tyler/pebble-dev/PebbleSDK-2.0.2/arm-cs-tools/bin/../lib/gcc/arm-none-eabi/4.7.2/thumb2/crti.o
 .text          0x0000000000000000       0xc8 /Users/tyler/pebble-dev/PebbleSDK-2.0.2/arm-cs-tools/bin/../lib/gcc/arm-none-eabi/4.7.2/thumb2/crtbegin.o
 .bss           0x0000000000000000       0x1c /Users/tyler/pebble-dev/PebbleSDK-2.0.2/arm-cs-tools/bin/../lib/gcc/arm-none-eabi/4.7.2/thumb2/crtbegin.o
 .init_array    0x0000000000000000        0x4 /Users/tyler/pebble-dev/PebbleSDK-2.0.2/arm-cs-tools/bin/../lib/gcc/arm-none-eabi/4.7.2/thumb2/crtbegin.o
 .fini_array    0x0000000000000000        0x4 /Users/tyler/pebble-dev/PebbleSDK-2.0.2/arm-cs-tools/bin/../lib/gcc/arm-none-eabi/4.7.2/thumb2/crtbegin.o
 .eh_frame      0x0000000000000000        0x0 /Users/tyler/pebble-dev/PebbleSDK-2.0.2/arm-cs-tools/bin/../lib/gcc/arm-none-eabi/4.7.2/thumb2/crtbegin.o
 .jcr           0x0000000000000000        0x0 /Users/tyler/pebble-dev/PebbleSDK-2.0.2/arm-cs-tools/bin/../lib/gcc/arm-none-eabi/4.7.2/thumb2/crtbegin.o
 .tm_clone_table
                0x0000000000000000        0x0 /Users/tyler/pebble-dev/PebbleSDK-2.0.2/arm-cs-tools/bin/../lib/gcc/arm-none-eabi/4.7.2/thumb2/crtbegin.o
 .text          0x0000000000000000        0x0 src/appmessage.c.26.o
 .bss           0x0000000000000000        0x0 src/appmessage.c.26.o
 .text          0x0000000000000000        0x0 src/itunes.c.26.o
 .bss           0x0000000000000000        0x0 src/itunes.c.26.o
 .text.itunes_connected
                0x0000000000000000       0x14 src/itunes.c.26.o
 .text          0x0000000000000000        0x0 src/keynote.c.26.o
 .bss           0x0000000000000000        0x0 src/keynote.c.26.o
 .text          0x0000000000000000        0x0 src/main.c.26.o
 .bss           0x0000000000000000        0x0 src/main.c.26.o
 .text          0x0000000000000000        0x0 src/powerpoint.c.26.o
 .bss           0x0000000000000000        0x0 src/powerpoint.c.26.o
 .text          0x0000000000000000        0x0 src/progress_bar.c.26.o
 .bss           0x0000000000000000        0x0 src/progress_bar.c.26.o
 .text          0x0000000000000000        0x0 src/spotify.c.26.o
 .bss           0x0000000000000000        0x0 src/spotify.c.26.o
 .text.spotify_connected
                0x0000000000000000       0x14 src/spotify.c.26.o
 .text          0x0000000000000000        0x0 appinfo.auto.c.26.o
 .bss           0x0000000000000000        0x0 appinfo.auto.c.26.o
 .bss           0x0000000000000000        0x0 /Users/tyler/pebble-dev/PebbleSDK-2.0.2/Pebble/lib/libpebble.a(tmpMw9aXupebble.o)
 .text.accel_data_service_subscribe__deprecated
                0x0000000000000000        0xc /Users/tyler/pebble-dev/PebbleSDK-2.0.2/Pebble/lib/libpebble.a(tmpMw9aXupebble.o)
 .text.accel_data_service_unsubscribe
                0x0000000000000000        0xc /Users/tyler/pebble-dev/PebbleSDK-2.0.2/Pebble/lib/libpebble.a(tmpMw9aXupebble.o)
 .text.accel_service_peek
                0x0000000000000000        0xc /Users/tyler/pebble-dev/PebbleSDK-2.0.2/Pebble/lib/libpebble.a(tmpMw9aXupebble.o)
 .text.accel_service_set_samples_per_update
                0x0000000000000000        0xc /Users/tyler/pebble-dev/PebbleSDK-2.0.2/Pebble/lib/libpebble.a(tmpMw9aXupebble.o)
 .text.accel_service_set_sampling_rate
                0x0000000000000000        0xc /Users/tyler/pebble-dev/PebbleSDK-2.0.2/Pebble/lib/libpebble.a(tmpMw9aXupebble.o)
 .text.accel_tap_service_subscribe
                0x0000000000000000        0xc /Users/tyler/pebble-dev/PebbleSDK-2.0.2/Pebble/lib/libpebble.a(tmpMw9aXupebble.o)
 .text.accel_tap_service_unsubscribe
                0x0000000000000000        0xc /Users/tyler/pebble-dev/PebbleSDK-2.0.2/Pebble/lib/libpebble.a(tmpMw9aXupebble.o)
 .text.action_bar_layer_clear_icon
                0x0000000000000000        0xc /Users/tyler/pebble-dev/PebbleSDK-2.0.2/Pebble/lib/libpebble.a(tmpMw9aXupebble.o)
 .text.action_bar_layer_get_layer
                0x0000000000000000        0xc /Users/tyler/pebble-dev/PebbleSDK-2.0.2/Pebble/lib/libpebble.a(tmpMw9aXupebble.o)
 .text.action_bar_layer_remove_from_window
                0x0000000000000000        0xc /Users/tyler/pebble-dev/PebbleSDK-2.0.2/Pebble/lib/libpebble.a(tmpMw9aXupebble.o)
 .text.action_bar_layer_set_background_color
                0x0000000000000000        0xc /Users/tyler/pebble-dev/PebbleSDK-2.0.2/Pebble/lib/libpebble.a(tmpMw9aXupebble.o)
 .text.action_bar_layer_set_context
                0x0000000000000000        0xc /Users/tyler/pebble-dev/PebbleSDK-2.0.2/Pebble/lib/libpebble.a(tmpMw9aXupebble.o)
 .text.animation_create
                0x0000000000000000        0xc /Users/tyler/pebble-dev/PebbleSDK-2.0.2/Pebble/lib/libpebble.a(tmpMw9aXupebble.o)
 .text.animation_destroy
                0x0000000000000000        0xc /Users/tyler/pebble-dev/PebbleSDK-2.0.2/Pebble/lib/libpebble.a(tmpMw9aXupebble.o)
 .text.animation_get_context
                0x0000000000000000        0xc /Users/tyler/pebble-dev/PebbleSDK-2.0.2/Pebble/lib/libpebble.a(tmpMw9aXupebble.o)
 .text.animation_is_scheduled
                0x0000000000000000        0xc /Users/tyler/pebble-dev/PebbleSDK-2.0.2/Pebble/lib/libpebble.a(tmpMw9aXupebble.o)
 .text.animation_schedule
                0x0000000000000000        0xc /Users/tyler/pebble-dev/PebbleSDK-2.0.2/Pebble/lib/libpebble.a(tmpMw9aXupebble.o)
 .text.animation_set_curve
                0x0000000000000000        0xc /Users/tyler/pebble-dev/PebbleSDK-2.0.2/Pebble/lib/libpebble.a(tmpMw9aXupebble.o)
 .text.animation_set_delay
                0x0000000000000000        0xc /Users/tyler/pebble-dev/PebbleSDK-2.0.2/Pebble/lib/libpebble.a(tmpMw9aXupebble.o)
 .text.animation_set_duration
                0x0000000000000000        0xc /Users/tyler/pebble-dev/PebbleSDK-2.0.2/Pebble/lib/libpebble.a(tmpMw9aXupebble.o)
 .text.animation_set_handlers
                0x0000000000000000        0xc /Users/tyler/pebble-dev/PebbleSDK-2.0.2/Pebble/lib/libpebble.a(tmpMw9aXupebble.o)
 .text.animation_set_implementation
                0x0000000000000000        0xc /Users/tyler/pebble-dev/PebbleSDK-2.0.2/Pebble/lib/libpebble.a(tmpMw9aXupebble.o)
 .text.animation_unschedule
                0x0000000000000000        0xc /Users/tyler/pebble-dev/PebbleSDK-2.0.2/Pebble/lib/libpebble.a(tmpMw9aXupebble.o)
 .text.animation_unschedule_all
                0x0000000000000000        0xc /Users/tyler/pebble-dev/PebbleSDK-2.0.2/Pebble/lib/libpebble.a(tmpMw9aXupebble.o)
 .text.app_comm_get_sniff_interval
                0x0000000000000000        0xc /Users/tyler/pebble-dev/PebbleSDK-2.0.2/Pebble/lib/libpebble.a(tmpMw9aXupebble.o)
 .text.app_comm_set_sniff_interval
                0x0000000000000000        0xc /Users/tyler/pebble-dev/PebbleSDK-2.0.2/Pebble/lib/libpebble.a(tmpMw9aXupebble.o)
 .text.app_message_deregister_callbacks
                0x0000000000000000        0xc /Users/tyler/pebble-dev/PebbleSDK-2.0.2/Pebble/lib/libpebble.a(tmpMw9aXupebble.o)
 .text.app_sync_deinit
                0x0000000000000000        0xc /Users/tyler/pebble-dev/PebbleSDK-2.0.2/Pebble/lib/libpebble.a(tmpMw9aXupebble.o)
 .text.app_sync_get
                0x0000000000000000        0xc /Users/tyler/pebble-dev/PebbleSDK-2.0.2/Pebble/lib/libpebble.a(tmpMw9aXupebble.o)
 .text.app_sync_init
                0x0000000000000000        0xc /Users/tyler/pebble-dev/PebbleSDK-2.0.2/Pebble/lib/libpebble.a(tmpMw9aXupebble.o)
 .text.app_sync_set
                0x0000000000000000        0xc /Users/tyler/pebble-dev/PebbleSDK-2.0.2/Pebble/lib/libpebble.a(tmpMw9aXupebble.o)
 .text.app_timer_cancel
                0x0000000000000000        0xc /Users/tyler/pebble-dev/PebbleSDK-2.0.2/Pebble/lib/libpebble.a(tmpMw9aXupebble.o)
 .text.app_timer_register
                0x0000000000000000        0xc /Users/tyler/pebble-dev/PebbleSDK-2.0.2/Pebble/lib/libpebble.a(tmpMw9aXupebble.o)
 .text.app_timer_reschedule
                0x0000000000000000        0xc /Users/tyler/pebble-dev/PebbleSDK-2.0.2/Pebble/lib/libpebble.a(tmpMw9aXupebble.o)
 .text.atan2_lookup
                0x0000000000000000        0xc /Users/tyler/pebble-dev/PebbleSDK-2.0.2/Pebble/lib/libpebble.a(tmpMw9aXupebble.o)
 .text.atoi     0x0000000000000000        0xc /Users/tyler/pebble-dev/PebbleSDK-2.0.2/Pebble/lib/libpebble.a(tmpMw9aXupebble.o)
 .text.atol     0x0000000000000000        0xc /Users/tyler/pebble-dev/PebbleSDK-2.0.2/Pebble/lib/libpebble.a(tmpMw9aXupebble.o)
 .text.battery_state_service_peek
                0x0000000000000000        0xc /Users/tyler/pebble-dev/PebbleSDK-2.0.2/Pebble/lib/libpebble.a(tmpMw9aXupebble.o)
 .text.battery_state_service_subscribe
                0x0000000000000000        0xc /Users/tyler/pebble-dev/PebbleSDK-2.0.2/Pebble/lib/libpebble.a(tmpMw9aXupebble.o)
 .text.battery_state_service_unsubscribe
                0x0000000000000000        0xc /Users/tyler/pebble-dev/PebbleSDK-2.0.2/Pebble/lib/libpebble.a(tmpMw9aXupebble.o)
 .text.bitmap_layer_set_alignment
                0x0000000000000000        0xc /Users/tyler/pebble-dev/PebbleSDK-2.0.2/Pebble/lib/libpebble.a(tmpMw9aXupebble.o)
 .text.bitmap_layer_set_background_color
                0x0000000000000000        0xc /Users/tyler/pebble-dev/PebbleSDK-2.0.2/Pebble/lib/libpebble.a(tmpMw9aXupebble.o)
 .text.bitmap_layer_set_compositing_mode
                0x0000000000000000        0xc /Users/tyler/pebble-dev/PebbleSDK-2.0.2/Pebble/lib/libpebble.a(tmpMw9aXupebble.o)
 .text.bluetooth_connection_service_peek
                0x0000000000000000        0xc /Users/tyler/pebble-dev/PebbleSDK-2.0.2/Pebble/lib/libpebble.a(tmpMw9aXupebble.o)
 .text.bluetooth_connection_service_subscribe
                0x0000000000000000        0xc /Users/tyler/pebble-dev/PebbleSDK-2.0.2/Pebble/lib/libpebble.a(tmpMw9aXupebble.o)
 .text.bluetooth_connection_service_unsubscribe
                0x0000000000000000        0xc /Users/tyler/pebble-dev/PebbleSDK-2.0.2/Pebble/lib/libpebble.a(tmpMw9aXupebble.o)
 .text.click_number_of_clicks_counted
                0x0000000000000000        0xc /Users/tyler/pebble-dev/PebbleSDK-2.0.2/Pebble/lib/libpebble.a(tmpMw9aXupebble.o)
 .text.click_recognizer_get_button_id
                0x0000000000000000        0xc /Users/tyler/pebble-dev/PebbleSDK-2.0.2/Pebble/lib/libpebble.a(tmpMw9aXupebble.o)
 .text.clock_copy_time_string
                0x0000000000000000        0xc /Users/tyler/pebble-dev/PebbleSDK-2.0.2/Pebble/lib/libpebble.a(tmpMw9aXupebble.o)
 .text.clock_is_24h_style
                0x0000000000000000        0xc /Users/tyler/pebble-dev/PebbleSDK-2.0.2/Pebble/lib/libpebble.a(tmpMw9aXupebble.o)
 .text.cos_lookup
                0x0000000000000000        0xc /Users/tyler/pebble-dev/PebbleSDK-2.0.2/Pebble/lib/libpebble.a(tmpMw9aXupebble.o)
 .text.data_logging_create
                0x0000000000000000        0xc /Users/tyler/pebble-dev/PebbleSDK-2.0.2/Pebble/lib/libpebble.a(tmpMw9aXupebble.o)
 .text.data_logging_finish
                0x0000000000000000        0xc /Users/tyler/pebble-dev/PebbleSDK-2.0.2/Pebble/lib/libpebble.a(tmpMw9aXupebble.o)
 .text.data_logging_log
                0x0000000000000000        0xc /Users/tyler/pebble-dev/PebbleSDK-2.0.2/Pebble/lib/libpebble.a(tmpMw9aXupebble.o)
 .text.dict_calc_buffer_size
                0x0000000000000000        0xc /Users/tyler/pebble-dev/PebbleSDK-2.0.2/Pebble/lib/libpebble.a(tmpMw9aXupebble.o)
 .text.dict_calc_buffer_size_from_tuplets
                0x0000000000000000        0xc /Users/tyler/pebble-dev/PebbleSDK-2.0.2/Pebble/lib/libpebble.a(tmpMw9aXupebble.o)
 .text.dict_merge
                0x0000000000000000        0xc /Users/tyler/pebble-dev/PebbleSDK-2.0.2/Pebble/lib/libpebble.a(tmpMw9aXupebble.o)
 .text.dict_read_begin_from_buffer
                0x0000000000000000        0xc /Users/tyler/pebble-dev/PebbleSDK-2.0.2/Pebble/lib/libpebble.a(tmpMw9aXupebble.o)
 .text.dict_serialize_tuplets
                0x0000000000000000        0xc /Users/tyler/pebble-dev/PebbleSDK-2.0.2/Pebble/lib/libpebble.a(tmpMw9aXupebble.o)
 .text.dict_serialize_tuplets_to_buffer__deprecated
                0x0000000000000000        0xc /Users/tyler/pebble-dev/PebbleSDK-2.0.2/Pebble/lib/libpebble.a(tmpMw9aXupebble.o)
 .text.dict_serialize_tuplets_to_buffer_with_iter
                0x0000000000000000        0xc /Users/tyler/pebble-dev/PebbleSDK-2.0.2/Pebble/lib/libpebble.a(tmpMw9aXupebble.o)
 .text.dict_write_begin
                0x0000000000000000        0xc /Users/tyler/pebble-dev/PebbleSDK-2.0.2/Pebble/lib/libpebble.a(tmpMw9aXupebble.o)
 .text.dict_write_cstring
                0x0000000000000000        0xc /Users/tyler/pebble-dev/PebbleSDK-2.0.2/Pebble/lib/libpebble.a(tmpMw9aXupebble.o)
 .text.dict_write_data
                0x0000000000000000        0xc /Users/tyler/pebble-dev/PebbleSDK-2.0.2/Pebble/lib/libpebble.a(tmpMw9aXupebble.o)
 .text.dict_write_int
                0x0000000000000000        0xc /Users/tyler/pebble-dev/PebbleSDK-2.0.2/Pebble/lib/libpebble.a(tmpMw9aXupebble.o)
 .text.dict_write_int16
                0x0000000000000000        0xc /Users/tyler/pebble-dev/PebbleSDK-2.0.2/Pebble/lib/libpebble.a(tmpMw9aXupebble.o)
 .text.dict_write_int32
                0x0000000000000000        0xc /Users/tyler/pebble-dev/PebbleSDK-2.0.2/Pebble/lib/libpebble.a(tmpMw9aXupebble.o)
 .text.dict_write_int8
                0x0000000000000000        0xc /Users/tyler/pebble-dev/PebbleSDK-2.0.2/Pebble/lib/libpebble.a(tmpMw9aXupebble.o)
 .text.dict_write_uint16
                0x0000000000000000        0xc /Users/tyler/pebble-dev/PebbleSDK-2.0.2/Pebble/lib/libpebble.a(tmpMw9aXupebble.o)
 .text.dict_write_uint32
                0x0000000000000000        0xc /Users/tyler/pebble-dev/PebbleSDK-2.0.2/Pebble/lib/libpebble.a(tmpMw9aXupebble.o)
 .text.dict_write_uint8
                0x0000000000000000        0xc /Users/tyler/pebble-dev/PebbleSDK-2.0.2/Pebble/lib/libpebble.a(tmpMw9aXupebble.o)
 .text.fonts_load_custom_font
                0x0000000000000000        0xc /Users/tyler/pebble-dev/PebbleSDK-2.0.2/Pebble/lib/libpebble.a(tmpMw9aXupebble.o)
 .text.fonts_unload_custom_font
                0x0000000000000000        0xc /Users/tyler/pebble-dev/PebbleSDK-2.0.2/Pebble/lib/libpebble.a(tmpMw9aXupebble.o)
 .text.gbitmap_create_as_sub_bitmap
                0x0000000000000000        0xc /Users/tyler/pebble-dev/PebbleSDK-2.0.2/Pebble/lib/libpebble.a(tmpMw9aXupebble.o)
 .text.gbitmap_create_with_data
                0x0000000000000000        0xc /Users/tyler/pebble-dev/PebbleSDK-2.0.2/Pebble/lib/libpebble.a(tmpMw9aXupebble.o)
 .text.gmtime   0x0000000000000000        0xc /Users/tyler/pebble-dev/PebbleSDK-2.0.2/Pebble/lib/libpebble.a(tmpMw9aXupebble.o)
 .text.gpath_create
                0x0000000000000000        0xc /Users/tyler/pebble-dev/PebbleSDK-2.0.2/Pebble/lib/libpebble.a(tmpMw9aXupebble.o)
 .text.gpath_destroy
                0x0000000000000000        0xc /Users/tyler/pebble-dev/PebbleSDK-2.0.2/Pebble/lib/libpebble.a(tmpMw9aXupebble.o)
 .text.gpath_draw_filled
                0x0000000000000000        0xc /Users/tyler/pebble-dev/PebbleSDK-2.0.2/Pebble/lib/libpebble.a(tmpMw9aXupebble.o)
 .text.gpath_draw_outline
                0x0000000000000000        0xc /Users/tyler/pebble-dev/PebbleSDK-2.0.2/Pebble/lib/libpebble.a(tmpMw9aXupebble.o)
 .text.gpath_move_to
                0x0000000000000000        0xc /Users/tyler/pebble-dev/PebbleSDK-2.0.2/Pebble/lib/libpebble.a(tmpMw9aXupebble.o)
 .text.gpath_rotate_to
                0x0000000000000000        0xc /Users/tyler/pebble-dev/PebbleSDK-2.0.2/Pebble/lib/libpebble.a(tmpMw9aXupebble.o)
 .text.gpoint_equal
                0x0000000000000000        0xc /Users/tyler/pebble-dev/PebbleSDK-2.0.2/Pebble/lib/libpebble.a(tmpMw9aXupebble.o)
 .text.graphics_context_set_compositing_mode
                0x0000000000000000        0xc /Users/tyler/pebble-dev/PebbleSDK-2.0.2/Pebble/lib/libpebble.a(tmpMw9aXupebble.o)
 .text.graphics_context_set_text_color
                0x0000000000000000        0xc /Users/tyler/pebble-dev/PebbleSDK-2.0.2/Pebble/lib/libpebble.a(tmpMw9aXupebble.o)
 .text.graphics_draw_bitmap_in_rect
                0x0000000000000000        0xc /Users/tyler/pebble-dev/PebbleSDK-2.0.2/Pebble/lib/libpebble.a(tmpMw9aXupebble.o)
 .text.graphics_draw_circle
                0x0000000000000000        0xc /Users/tyler/pebble-dev/PebbleSDK-2.0.2/Pebble/lib/libpebble.a(tmpMw9aXupebble.o)
 .text.graphics_draw_line
                0x0000000000000000        0xc /Users/tyler/pebble-dev/PebbleSDK-2.0.2/Pebble/lib/libpebble.a(tmpMw9aXupebble.o)
 .text.graphics_draw_pixel
                0x0000000000000000        0xc /Users/tyler/pebble-dev/PebbleSDK-2.0.2/Pebble/lib/libpebble.a(tmpMw9aXupebble.o)
 .text.graphics_draw_rect
                0x0000000000000000        0xc /Users/tyler/pebble-dev/PebbleSDK-2.0.2/Pebble/lib/libpebble.a(tmpMw9aXupebble.o)
 .text.graphics_fill_circle
                0x0000000000000000        0xc /Users/tyler/pebble-dev/PebbleSDK-2.0.2/Pebble/lib/libpebble.a(tmpMw9aXupebble.o)
 .text.graphics_text_layout_get_max_used_size
                0x0000000000000000        0xc /Users/tyler/pebble-dev/PebbleSDK-2.0.2/Pebble/lib/libpebble.a(tmpMw9aXupebble.o)
 .text.grect_align
                0x0000000000000000        0xc /Users/tyler/pebble-dev/PebbleSDK-2.0.2/Pebble/lib/libpebble.a(tmpMw9aXupebble.o)
 .text.grect_center_point
                0x0000000000000000        0xc /Users/tyler/pebble-dev/PebbleSDK-2.0.2/Pebble/lib/libpebble.a(tmpMw9aXupebble.o)
 .text.grect_clip
                0x0000000000000000        0xc /Users/tyler/pebble-dev/PebbleSDK-2.0.2/Pebble/lib/libpebble.a(tmpMw9aXupebble.o)
 .text.grect_contains_point
                0x0000000000000000        0xc /Users/tyler/pebble-dev/PebbleSDK-2.0.2/Pebble/lib/libpebble.a(tmpMw9aXupebble.o)
 .text.grect_crop
                0x0000000000000000        0xc /Users/tyler/pebble-dev/PebbleSDK-2.0.2/Pebble/lib/libpebble.a(tmpMw9aXupebble.o)
 .text.grect_equal
                0x0000000000000000        0xc /Users/tyler/pebble-dev/PebbleSDK-2.0.2/Pebble/lib/libpebble.a(tmpMw9aXupebble.o)
 .text.grect_is_empty
                0x0000000000000000        0xc /Users/tyler/pebble-dev/PebbleSDK-2.0.2/Pebble/lib/libpebble.a(tmpMw9aXupebble.o)
 .text.grect_standardize
                0x0000000000000000        0xc /Users/tyler/pebble-dev/PebbleSDK-2.0.2/Pebble/lib/libpebble.a(tmpMw9aXupebble.o)
 .text.gsize_equal
                0x0000000000000000        0xc /Users/tyler/pebble-dev/PebbleSDK-2.0.2/Pebble/lib/libpebble.a(tmpMw9aXupebble.o)
 .text.inverter_layer_create
                0x0000000000000000        0xc /Users/tyler/pebble-dev/PebbleSDK-2.0.2/Pebble/lib/libpebble.a(tmpMw9aXupebble.o)
 .text.inverter_layer_destroy
                0x0000000000000000        0xc /Users/tyler/pebble-dev/PebbleSDK-2.0.2/Pebble/lib/libpebble.a(tmpMw9aXupebble.o)
 .text.inverter_layer_get_layer
                0x0000000000000000        0xc /Users/tyler/pebble-dev/PebbleSDK-2.0.2/Pebble/lib/libpebble.a(tmpMw9aXupebble.o)
 .text.layer_create
                0x0000000000000000        0xc /Users/tyler/pebble-dev/PebbleSDK-2.0.2/Pebble/lib/libpebble.a(tmpMw9aXupebble.o)
 .text.layer_get_clips
                0x0000000000000000        0xc /Users/tyler/pebble-dev/PebbleSDK-2.0.2/Pebble/lib/libpebble.a(tmpMw9aXupebble.o)
 .text.layer_get_hidden
                0x0000000000000000        0xc /Users/tyler/pebble-dev/PebbleSDK-2.0.2/Pebble/lib/libpebble.a(tmpMw9aXupebble.o)
 .text.layer_get_window
                0x0000000000000000        0xc /Users/tyler/pebble-dev/PebbleSDK-2.0.2/Pebble/lib/libpebble.a(tmpMw9aXupebble.o)
 .text.layer_insert_above_sibling
                0x0000000000000000        0xc /Users/tyler/pebble-dev/PebbleSDK-2.0.2/Pebble/lib/libpebble.a(tmpMw9aXupebble.o)
 .text.layer_insert_below_sibling
                0x0000000000000000        0xc /Users/tyler/pebble-dev/PebbleSDK-2.0.2/Pebble/lib/libpebble.a(tmpMw9aXupebble.o)
 .text.layer_remove_child_layers
                0x0000000000000000        0xc /Users/tyler/pebble-dev/PebbleSDK-2.0.2/Pebble/lib/libpebble.a(tmpMw9aXupebble.o)
 .text.layer_remove_from_parent
                0x0000000000000000        0xc /Users/tyler/pebble-dev/PebbleSDK-2.0.2/Pebble/lib/libpebble.a(tmpMw9aXupebble.o)
 .text.layer_set_bounds
                0x0000000000000000        0xc /Users/tyler/pebble-dev/PebbleSDK-2.0.2/Pebble/lib/libpebble.a(tmpMw9aXupebble.o)
 .text.layer_set_clips
                0x0000000000000000        0xc /Users/tyler/pebble-dev/PebbleSDK-2.0.2/Pebble/lib/libpebble.a(tmpMw9aXupebble.o)
 .text.layer_set_frame
                0x0000000000000000        0xc /Users/tyler/pebble-dev/PebbleSDK-2.0.2/Pebble/lib/libpebble.a(tmpMw9aXupebble.o)
 .text.light_enable
                0x0000000000000000        0xc /Users/tyler/pebble-dev/PebbleSDK-2.0.2/Pebble/lib/libpebble.a(tmpMw9aXupebble.o)
 .text.light_enable_interaction
                0x0000000000000000        0xc /Users/tyler/pebble-dev/PebbleSDK-2.0.2/Pebble/lib/libpebble.a(tmpMw9aXupebble.o)
 .text.localtime
                0x0000000000000000        0xc /Users/tyler/pebble-dev/PebbleSDK-2.0.2/Pebble/lib/libpebble.a(tmpMw9aXupebble.o)
 .text.memcpy   0x0000000000000000        0xc /Users/tyler/pebble-dev/PebbleSDK-2.0.2/Pebble/lib/libpebble.a(tmpMw9aXupebble.o)
 .text.memmove  0x0000000000000000        0xc /Users/tyler/pebble-dev/PebbleSDK-2.0.2/Pebble/lib/libpebble.a(tmpMw9aXupebble.o)
 .text.menu_cell_title_draw
                0x0000000000000000        0xc /Users/tyler/pebble-dev/PebbleSDK-2.0.2/Pebble/lib/libpebble.a(tmpMw9aXupebble.o)
 .text.menu_index_compare
                0x0000000000000000        0xc /Users/tyler/pebble-dev/PebbleSDK-2.0.2/Pebble/lib/libpebble.a(tmpMw9aXupebble.o)
 .text.menu_layer_get_scroll_layer
                0x0000000000000000        0xc /Users/tyler/pebble-dev/PebbleSDK-2.0.2/Pebble/lib/libpebble.a(tmpMw9aXupebble.o)
 .text.menu_layer_get_selected_index
                0x0000000000000000        0xc /Users/tyler/pebble-dev/PebbleSDK-2.0.2/Pebble/lib/libpebble.a(tmpMw9aXupebble.o)
 .text.menu_layer_reload_data
                0x0000000000000000        0xc /Users/tyler/pebble-dev/PebbleSDK-2.0.2/Pebble/lib/libpebble.a(tmpMw9aXupebble.o)
 .text.menu_layer_set_selected_index
                0x0000000000000000        0xc /Users/tyler/pebble-dev/PebbleSDK-2.0.2/Pebble/lib/libpebble.a(tmpMw9aXupebble.o)
 .text.menu_layer_set_selected_next
                0x0000000000000000        0xc /Users/tyler/pebble-dev/PebbleSDK-2.0.2/Pebble/lib/libpebble.a(tmpMw9aXupebble.o)
 .text.number_window_create
                0x0000000000000000        0xc /Users/tyler/pebble-dev/PebbleSDK-2.0.2/Pebble/lib/libpebble.a(tmpMw9aXupebble.o)
 .text.number_window_destroy
                0x0000000000000000        0xc /Users/tyler/pebble-dev/PebbleSDK-2.0.2/Pebble/lib/libpebble.a(tmpMw9aXupebble.o)
 .text.number_window_get_value
                0x0000000000000000        0xc /Users/tyler/pebble-dev/PebbleSDK-2.0.2/Pebble/lib/libpebble.a(tmpMw9aXupebble.o)
 .text.number_window_set_label
                0x0000000000000000        0xc /Users/tyler/pebble-dev/PebbleSDK-2.0.2/Pebble/lib/libpebble.a(tmpMw9aXupebble.o)
 .text.number_window_set_max
                0x0000000000000000        0xc /Users/tyler/pebble-dev/PebbleSDK-2.0.2/Pebble/lib/libpebble.a(tmpMw9aXupebble.o)
 .text.number_window_set_min
                0x0000000000000000        0xc /Users/tyler/pebble-dev/PebbleSDK-2.0.2/Pebble/lib/libpebble.a(tmpMw9aXupebble.o)
 .text.number_window_set_step_size
                0x0000000000000000        0xc /Users/tyler/pebble-dev/PebbleSDK-2.0.2/Pebble/lib/libpebble.a(tmpMw9aXupebble.o)
 .text.number_window_set_value
                0x0000000000000000        0xc /Users/tyler/pebble-dev/PebbleSDK-2.0.2/Pebble/lib/libpebble.a(tmpMw9aXupebble.o)
 .text.persist_delete
                0x0000000000000000        0xc /Users/tyler/pebble-dev/PebbleSDK-2.0.2/Pebble/lib/libpebble.a(tmpMw9aXupebble.o)
 .text.persist_exists
                0x0000000000000000        0xc /Users/tyler/pebble-dev/PebbleSDK-2.0.2/Pebble/lib/libpebble.a(tmpMw9aXupebble.o)
 .text.persist_get_size
                0x0000000000000000        0xc /Users/tyler/pebble-dev/PebbleSDK-2.0.2/Pebble/lib/libpebble.a(tmpMw9aXupebble.o)
 .text.persist_read_bool
                0x0000000000000000        0xc /Users/tyler/pebble-dev/PebbleSDK-2.0.2/Pebble/lib/libpebble.a(tmpMw9aXupebble.o)
 .text.persist_read_data__deprecated
                0x0000000000000000        0xc /Users/tyler/pebble-dev/PebbleSDK-2.0.2/Pebble/lib/libpebble.a(tmpMw9aXupebble.o)
 .text.persist_read_int
                0x0000000000000000        0xc /Users/tyler/pebble-dev/PebbleSDK-2.0.2/Pebble/lib/libpebble.a(tmpMw9aXupebble.o)
 .text.persist_read_string__deprecated
                0x0000000000000000        0xc /Users/tyler/pebble-dev/PebbleSDK-2.0.2/Pebble/lib/libpebble.a(tmpMw9aXupebble.o)
 .text.persist_write_bool
                0x0000000000000000        0xc /Users/tyler/pebble-dev/PebbleSDK-2.0.2/Pebble/lib/libpebble.a(tmpMw9aXupebble.o)
 .text.persist_write_data__deprecated
                0x0000000000000000        0xc /Users/tyler/pebble-dev/PebbleSDK-2.0.2/Pebble/lib/libpebble.a(tmpMw9aXupebble.o)
 .text.persist_write_int
                0x0000000000000000        0xc /Users/tyler/pebble-dev/PebbleSDK-2.0.2/Pebble/lib/libpebble.a(tmpMw9aXupebble.o)
 .text.persist_write_string
                0x0000000000000000        0xc /Users/tyler/pebble-dev/PebbleSDK-2.0.2/Pebble/lib/libpebble.a(tmpMw9aXupebble.o)
 .text.property_animation_create
                0x0000000000000000        0xc /Users/tyler/pebble-dev/PebbleSDK-2.0.2/Pebble/lib/libpebble.a(tmpMw9aXupebble.o)
 .text.property_animation_create_layer_frame
                0x0000000000000000        0xc /Users/tyler/pebble-dev/PebbleSDK-2.0.2/Pebble/lib/libpebble.a(tmpMw9aXupebble.o)
 .text.property_animation_destroy
                0x0000000000000000        0xc /Users/tyler/pebble-dev/PebbleSDK-2.0.2/Pebble/lib/libpebble.a(tmpMw9aXupebble.o)
 .text.property_animation_update_gpoint
                0x0000000000000000        0xc /Users/tyler/pebble-dev/PebbleSDK-2.0.2/Pebble/lib/libpebble.a(tmpMw9aXupebble.o)
 .text.property_animation_update_grect
                0x0000000000000000        0xc /Users/tyler/pebble-dev/PebbleSDK-2.0.2/Pebble/lib/libpebble.a(tmpMw9aXupebble.o)
 .text.property_animation_update_int16
                0x0000000000000000        0xc /Users/tyler/pebble-dev/PebbleSDK-2.0.2/Pebble/lib/libpebble.a(tmpMw9aXupebble.o)
 .text.psleep   0x0000000000000000        0xc /Users/tyler/pebble-dev/PebbleSDK-2.0.2/Pebble/lib/libpebble.a(tmpMw9aXupebble.o)
 .text.rand     0x0000000000000000        0xc /Users/tyler/pebble-dev/PebbleSDK-2.0.2/Pebble/lib/libpebble.a(tmpMw9aXupebble.o)
 .text.resource_get_handle
                0x0000000000000000        0xc /Users/tyler/pebble-dev/PebbleSDK-2.0.2/Pebble/lib/libpebble.a(tmpMw9aXupebble.o)
 .text.resource_load
                0x0000000000000000        0xc /Users/tyler/pebble-dev/PebbleSDK-2.0.2/Pebble/lib/libpebble.a(tmpMw9aXupebble.o)
 .text.resource_load_byte_range
                0x0000000000000000        0xc /Users/tyler/pebble-dev/PebbleSDK-2.0.2/Pebble/lib/libpebble.a(tmpMw9aXupebble.o)
 .text.resource_size
                0x0000000000000000        0xc /Users/tyler/pebble-dev/PebbleSDK-2.0.2/Pebble/lib/libpebble.a(tmpMw9aXupebble.o)
 .text.rot_bitmap_layer_create
                0x0000000000000000        0xc /Users/tyler/pebble-dev/PebbleSDK-2.0.2/Pebble/lib/libpebble.a(tmpMw9aXupebble.o)
 .text.rot_bitmap_layer_destroy
                0x0000000000000000        0xc /Users/tyler/pebble-dev/PebbleSDK-2.0.2/Pebble/lib/libpebble.a(tmpMw9aXupebble.o)
 .text.rot_bitmap_layer_increment_angle
                0x0000000000000000        0xc /Users/tyler/pebble-dev/PebbleSDK-2.0.2/Pebble/lib/libpebble.a(tmpMw9aXupebble.o)
 .text.rot_bitmap_layer_set_angle
                0x0000000000000000        0xc /Users/tyler/pebble-dev/PebbleSDK-2.0.2/Pebble/lib/libpebble.a(tmpMw9aXupebble.o)
 .text.rot_bitmap_layer_set_corner_clip_color
                0x0000000000000000        0xc /Users/tyler/pebble-dev/PebbleSDK-2.0.2/Pebble/lib/libpebble.a(tmpMw9aXupebble.o)
 .text.rot_bitmap_set_compositing_mode
                0x0000000000000000        0xc /Users/tyler/pebble-dev/PebbleSDK-2.0.2/Pebble/lib/libpebble.a(tmpMw9aXupebble.o)
 .text.rot_bitmap_set_src_ic
                0x0000000000000000        0xc /Users/tyler/pebble-dev/PebbleSDK-2.0.2/Pebble/lib/libpebble.a(tmpMw9aXupebble.o)
 .text.scroll_layer_add_child
                0x0000000000000000        0xc /Users/tyler/pebble-dev/PebbleSDK-2.0.2/Pebble/lib/libpebble.a(tmpMw9aXupebble.o)
 .text.scroll_layer_create
                0x0000000000000000        0xc /Users/tyler/pebble-dev/PebbleSDK-2.0.2/Pebble/lib/libpebble.a(tmpMw9aXupebble.o)
 .text.scroll_layer_destroy
                0x0000000000000000        0xc /Users/tyler/pebble-dev/PebbleSDK-2.0.2/Pebble/lib/libpebble.a(tmpMw9aXupebble.o)
 .text.scroll_layer_get_content_offset
                0x0000000000000000        0xc /Users/tyler/pebble-dev/PebbleSDK-2.0.2/Pebble/lib/libpebble.a(tmpMw9aXupebble.o)
 .text.scroll_layer_get_content_size
                0x0000000000000000        0xc /Users/tyler/pebble-dev/PebbleSDK-2.0.2/Pebble/lib/libpebble.a(tmpMw9aXupebble.o)
 .text.scroll_layer_get_layer
                0x0000000000000000        0xc /Users/tyler/pebble-dev/PebbleSDK-2.0.2/Pebble/lib/libpebble.a(tmpMw9aXupebble.o)
 .text.scroll_layer_get_shadow_hidden
                0x0000000000000000        0xc /Users/tyler/pebble-dev/PebbleSDK-2.0.2/Pebble/lib/libpebble.a(tmpMw9aXupebble.o)
 .text.scroll_layer_scroll_down_click_handler
                0x0000000000000000        0xc /Users/tyler/pebble-dev/PebbleSDK-2.0.2/Pebble/lib/libpebble.a(tmpMw9aXupebble.o)
 .text.scroll_layer_scroll_up_click_handler
                0x0000000000000000        0xc /Users/tyler/pebble-dev/PebbleSDK-2.0.2/Pebble/lib/libpebble.a(tmpMw9aXupebble.o)
 .text.scroll_layer_set_callbacks
                0x0000000000000000        0xc /Users/tyler/pebble-dev/PebbleSDK-2.0.2/Pebble/lib/libpebble.a(tmpMw9aXupebble.o)
 .text.scroll_layer_set_click_config_onto_window
                0x0000000000000000        0xc /Users/tyler/pebble-dev/PebbleSDK-2.0.2/Pebble/lib/libpebble.a(tmpMw9aXupebble.o)
 .text.scroll_layer_set_content_offset
                0x0000000000000000        0xc /Users/tyler/pebble-dev/PebbleSDK-2.0.2/Pebble/lib/libpebble.a(tmpMw9aXupebble.o)
 .text.scroll_layer_set_content_size
                0x0000000000000000        0xc /Users/tyler/pebble-dev/PebbleSDK-2.0.2/Pebble/lib/libpebble.a(tmpMw9aXupebble.o)
 .text.scroll_layer_set_context
                0x0000000000000000        0xc /Users/tyler/pebble-dev/PebbleSDK-2.0.2/Pebble/lib/libpebble.a(tmpMw9aXupebble.o)
 .text.scroll_layer_set_frame
                0x0000000000000000        0xc /Users/tyler/pebble-dev/PebbleSDK-2.0.2/Pebble/lib/libpebble.a(tmpMw9aXupebble.o)
 .text.scroll_layer_set_shadow_hidden
                0x0000000000000000        0xc /Users/tyler/pebble-dev/PebbleSDK-2.0.2/Pebble/lib/libpebble.a(tmpMw9aXupebble.o)
 .text.simple_menu_layer_create
                0x0000000000000000        0xc /Users/tyler/pebble-dev/PebbleSDK-2.0.2/Pebble/lib/libpebble.a(tmpMw9aXupebble.o)
 .text.simple_menu_layer_destroy
                0x0000000000000000        0xc /Users/tyler/pebble-dev/PebbleSDK-2.0.2/Pebble/lib/libpebble.a(tmpMw9aXupebble.o)
 .text.simple_menu_layer_get_layer
                0x0000000000000000        0xc /Users/tyler/pebble-dev/PebbleSDK-2.0.2/Pebble/lib/libpebble.a(tmpMw9aXupebble.o)
 .text.simple_menu_layer_get_selected_index
                0x0000000000000000        0xc /Users/tyler/pebble-dev/PebbleSDK-2.0.2/Pebble/lib/libpebble.a(tmpMw9aXupebble.o)
 .text.simple_menu_layer_set_selected_index
                0x0000000000000000        0xc /Users/tyler/pebble-dev/PebbleSDK-2.0.2/Pebble/lib/libpebble.a(tmpMw9aXupebble.o)
 .text.sin_lookup
                0x0000000000000000        0xc /Users/tyler/pebble-dev/PebbleSDK-2.0.2/Pebble/lib/libpebble.a(tmpMw9aXupebble.o)
 .text.srand    0x0000000000000000        0xc /Users/tyler/pebble-dev/PebbleSDK-2.0.2/Pebble/lib/libpebble.a(tmpMw9aXupebble.o)
 .text.strcat   0x0000000000000000        0xc /Users/tyler/pebble-dev/PebbleSDK-2.0.2/Pebble/lib/libpebble.a(tmpMw9aXupebble.o)
 .text.strcpy   0x0000000000000000        0xc /Users/tyler/pebble-dev/PebbleSDK-2.0.2/Pebble/lib/libpebble.a(tmpMw9aXupebble.o)
 .text.strftime
                0x0000000000000000        0xc /Users/tyler/pebble-dev/PebbleSDK-2.0.2/Pebble/lib/libpebble.a(tmpMw9aXupebble.o)
 .text.strncat  0x0000000000000000        0xc /Users/tyler/pebble-dev/PebbleSDK-2.0.2/Pebble/lib/libpebble.a(tmpMw9aXupebble.o)
 .text.strncmp  0x0000000000000000        0xc /Users/tyler/pebble-dev/PebbleSDK-2.0.2/Pebble/lib/libpebble.a(tmpMw9aXupebble.o)
 .text.strncpy  0x0000000000000000        0xc /Users/tyler/pebble-dev/PebbleSDK-2.0.2/Pebble/lib/libpebble.a(tmpMw9aXupebble.o)
 .text.text_layer_get_content_size
                0x0000000000000000        0xc /Users/tyler/pebble-dev/PebbleSDK-2.0.2/Pebble/lib/libpebble.a(tmpMw9aXupebble.o)
 .text.text_layer_get_text
                0x0000000000000000        0xc /Users/tyler/pebble-dev/PebbleSDK-2.0.2/Pebble/lib/libpebble.a(tmpMw9aXupebble.o)
 .text.text_layer_set_background_color
                0x0000000000000000        0xc /Users/tyler/pebble-dev/PebbleSDK-2.0.2/Pebble/lib/libpebble.a(tmpMw9aXupebble.o)
 .text.text_layer_set_size
                0x0000000000000000        0xc /Users/tyler/pebble-dev/PebbleSDK-2.0.2/Pebble/lib/libpebble.a(tmpMw9aXupebble.o)
 .text.text_layer_set_text_color
                0x0000000000000000        0xc /Users/tyler/pebble-dev/PebbleSDK-2.0.2/Pebble/lib/libpebble.a(tmpMw9aXupebble.o)
 .text.time     0x0000000000000000        0xc /Users/tyler/pebble-dev/PebbleSDK-2.0.2/Pebble/lib/libpebble.a(tmpMw9aXupebble.o)
 .text.time_ms  0x0000000000000000        0xc /Users/tyler/pebble-dev/PebbleSDK-2.0.2/Pebble/lib/libpebble.a(tmpMw9aXupebble.o)
 .text.vibes_cancel
                0x0000000000000000        0xc /Users/tyler/pebble-dev/PebbleSDK-2.0.2/Pebble/lib/libpebble.a(tmpMw9aXupebble.o)
 .text.vibes_double_pulse
                0x0000000000000000        0xc /Users/tyler/pebble-dev/PebbleSDK-2.0.2/Pebble/lib/libpebble.a(tmpMw9aXupebble.o)
 .text.vibes_enqueue_custom_pattern
                0x0000000000000000        0xc /Users/tyler/pebble-dev/PebbleSDK-2.0.2/Pebble/lib/libpebble.a(tmpMw9aXupebble.o)
 .text.vibes_long_pulse
                0x0000000000000000        0xc /Users/tyler/pebble-dev/PebbleSDK-2.0.2/Pebble/lib/libpebble.a(tmpMw9aXupebble.o)
 .text.vibes_short_pulse
                0x0000000000000000        0xc /Users/tyler/pebble-dev/PebbleSDK-2.0.2/Pebble/lib/libpebble.a(tmpMw9aXupebble.o)
 .text.window_get_click_config_provider
                0x0000000000000000        0xc /Users/tyler/pebble-dev/PebbleSDK-2.0.2/Pebble/lib/libpebble.a(tmpMw9aXupebble.o)
 .text.window_get_fullscreen
                0x0000000000000000        0xc /Users/tyler/pebble-dev/PebbleSDK-2.0.2/Pebble/lib/libpebble.a(tmpMw9aXupebble.o)
 .text.window_is_loaded
                0x0000000000000000        0xc /Users/tyler/pebble-dev/PebbleSDK-2.0.2/Pebble/lib/libpebble.a(tmpMw9aXupebble.o)
 .text.window_set_background_color
                0x0000000000000000        0xc /Users/tyler/pebble-dev/PebbleSDK-2.0.2/Pebble/lib/libpebble.a(tmpMw9aXupebble.o)
 .text.window_set_click_config_provider
                0x0000000000000000        0xc /Users/tyler/pebble-dev/PebbleSDK-2.0.2/Pebble/lib/libpebble.a(tmpMw9aXupebble.o)
 .text.window_set_click_config_provider_with_context
                0x0000000000000000        0xc /Users/tyler/pebble-dev/PebbleSDK-2.0.2/Pebble/lib/libpebble.a(tmpMw9aXupebble.o)
 .text.window_set_fullscreen
                0x0000000000000000        0xc /Users/tyler/pebble-dev/PebbleSDK-2.0.2/Pebble/lib/libpebble.a(tmpMw9aXupebble.o)
 .text.window_stack_contains_window
                0x0000000000000000        0xc /Users/tyler/pebble-dev/PebbleSDK-2.0.2/Pebble/lib/libpebble.a(tmpMw9aXupebble.o)
 .text.window_stack_get_top_window
                0x0000000000000000        0xc /Users/tyler/pebble-dev/PebbleSDK-2.0.2/Pebble/lib/libpebble.a(tmpMw9aXupebble.o)
 .text.window_stack_pop_all
                0x0000000000000000        0xc /Users/tyler/pebble-dev/PebbleSDK-2.0.2/Pebble/lib/libpebble.a(tmpMw9aXupebble.o)
 .text.window_stack_remove
                0x0000000000000000        0xc /Users/tyler/pebble-dev/PebbleSDK-2.0.2/Pebble/lib/libpebble.a(tmpMw9aXupebble.o)
 .text.app_focus_service_subscribe
                0x0000000000000000        0xc /Users/tyler/pebble-dev/PebbleSDK-2.0.2/Pebble/lib/libpebble.a(tmpMw9aXupebble.o)
 .text.app_focus_service_unsubscribe
                0x0000000000000000        0xc /Users/tyler/pebble-dev/PebbleSDK-2.0.2/Pebble/lib/libpebble.a(tmpMw9aXupebble.o)
 .text.window_get_user_data
                0x0000000000000000        0xc /Users/tyler/pebble-dev/PebbleSDK-2.0.2/Pebble/lib/libpebble.a(tmpMw9aXupebble.o)
 .text.window_set_user_data
                0x0000000000000000        0xc /Users/tyler/pebble-dev/PebbleSDK-2.0.2/Pebble/lib/libpebble.a(tmpMw9aXupebble.o)
 .text.app_message_get_context
                0x0000000000000000        0xc /Users/tyler/pebble-dev/PebbleSDK-2.0.2/Pebble/lib/libpebble.a(tmpMw9aXupebble.o)
 .text.app_message_set_context
                0x0000000000000000        0xc /Users/tyler/pebble-dev/PebbleSDK-2.0.2/Pebble/lib/libpebble.a(tmpMw9aXupebble.o)
 .text.window_multi_click_subscribe
                0x0000000000000000        0xc /Users/tyler/pebble-dev/PebbleSDK-2.0.2/Pebble/lib/libpebble.a(tmpMw9aXupebble.o)
 .text.window_raw_click_subscribe
                0x0000000000000000        0xc /Users/tyler/pebble-dev/PebbleSDK-2.0.2/Pebble/lib/libpebble.a(tmpMw9aXupebble.o)
 .text.window_set_click_context
                0x0000000000000000        0xc /Users/tyler/pebble-dev/PebbleSDK-2.0.2/Pebble/lib/libpebble.a(tmpMw9aXupebble.o)
 .text.window_single_repeating_click_subscribe
                0x0000000000000000        0xc /Users/tyler/pebble-dev/PebbleSDK-2.0.2/Pebble/lib/libpebble.a(tmpMw9aXupebble.o)
 .text.graphics_draw_text
                0x0000000000000000        0xc /Users/tyler/pebble-dev/PebbleSDK-2.0.2/Pebble/lib/libpebble.a(tmpMw9aXupebble.o)
 .text.dict_serialize_tuplets_to_buffer
                0x0000000000000000        0xc /Users/tyler/pebble-dev/PebbleSDK-2.0.2/Pebble/lib/libpebble.a(tmpMw9aXupebble.o)
 .text.persist_read_data
                0x0000000000000000        0xc /Users/tyler/pebble-dev/PebbleSDK-2.0.2/Pebble/lib/libpebble.a(tmpMw9aXupebble.o)
 .text.persist_read_string
                0x0000000000000000        0xc /Users/tyler/pebble-dev/PebbleSDK-2.0.2/Pebble/lib/libpebble.a(tmpMw9aXupebble.o)
 .text.persist_write_data
                0x0000000000000000        0xc /Users/tyler/pebble-dev/PebbleSDK-2.0.2/Pebble/lib/libpebble.a(tmpMw9aXupebble.o)
 .text.dict_size
                0x0000000000000000        0xc /Users/tyler/pebble-dev/PebbleSDK-2.0.2/Pebble/lib/libpebble.a(tmpMw9aXupebble.o)
 .text.graphics_text_layout_get_content_size
                0x0000000000000000        0xc /Users/tyler/pebble-dev/PebbleSDK-2.0.2/Pebble/lib/libpebble.a(tmpMw9aXupebble.o)
 .text.simple_menu_layer_get_menu_layer
                0x0000000000000000        0xc /Users/tyler/pebble-dev/PebbleSDK-2.0.2/Pebble/lib/libpebble.a(tmpMw9aXupebble.o)
 .text.accel_data_service_subscribe
                0x0000000000000000        0xc /Users/tyler/pebble-dev/PebbleSDK-2.0.2/Pebble/lib/libpebble.a(tmpMw9aXupebble.o)
 .text.calloc   0x0000000000000000        0xc /Users/tyler/pebble-dev/PebbleSDK-2.0.2/Pebble/lib/libpebble.a(tmpMw9aXupebble.o)
 .text.bitmap_layer_get_bitmap
                0x0000000000000000        0xc /Users/tyler/pebble-dev/PebbleSDK-2.0.2/Pebble/lib/libpebble.a(tmpMw9aXupebble.o)
 .text          0x0000000000000000        0x0 /Users/tyler/pebble-dev/PebbleSDK-2.0.2/arm-cs-tools/bin/../lib/gcc/arm-none-eabi/4.7.2/thumb2/crtend.o
 .bss           0x0000000000000000        0x0 /Users/tyler/pebble-dev/PebbleSDK-2.0.2/arm-cs-tools/bin/../lib/gcc/arm-none-eabi/4.7.2/thumb2/crtend.o
 .eh_frame      0x0000000000000000        0x4 /Users/tyler/pebble-dev/PebbleSDK-2.0.2/arm-cs-tools/bin/../lib/gcc/arm-none-eabi/4.7.2/thumb2/crtend.o
 .jcr           0x0000000000000000        0x4 /Users/tyler/pebble-dev/PebbleSDK-2.0.2/arm-cs-tools/bin/../lib/gcc/arm-none-eabi/4.7.2/thumb2/crtend.o
 .tm_clone_table
                0x0000000000000000        0x0 /Users/tyler/pebble-dev/PebbleSDK-2.0.2/arm-cs-tools/bin/../lib/gcc/arm-none-eabi/4.7.2/thumb2/crtend.o
 .text          0x0000000000000000        0x0 /Users/tyler/pebble-dev/PebbleSDK-2.0.2/arm-cs-tools/bin/../lib/gcc/arm-none-eabi/4.7.2/thumb2/crtn.o
 .bss           0x0000000000000000        0x0 /Users/tyler/pebble-dev/PebbleSDK-2.0.2/arm-cs-tools/bin/../lib/gcc/arm-none-eabi/4.7.2/thumb2/crtn.o
 .init          0x0000000000000000        0x8 /Users/tyler/pebble-dev/PebbleSDK-2.0.2/arm-cs-tools/bin/../lib/gcc/arm-none-eabi/4.7.2/thumb2/crtn.o
 .fini          0x0000000000000000        0x8 /Users/tyler/pebble-dev/PebbleSDK-2.0.2/arm-cs-tools/bin/../lib/gcc/arm-none-eabi/4.7.2/thumb2/crtn.o

Memory Configuration

Name             Origin             Length             Attributes
APP              0x0000000000000000 0x0000000000006000 xrw
*default*        0x0000000000000000 0xffffffffffffffff

Linker script and memory map

LOAD /Users/tyler/pebble-dev/PebbleSDK-2.0.2/arm-cs-tools/bin/../lib/gcc/arm-none-eabi/4.7.2/thumb2/crti.o
LOAD /Users/tyler/pebble-dev/PebbleSDK-2.0.2/arm-cs-tools/bin/../lib/gcc/arm-none-eabi/4.7.2/thumb2/crtbegin.o
LOAD src/appmessage.c.26.o
LOAD src/itunes.c.26.o
LOAD src/keynote.c.26.o
LOAD src/main.c.26.o
LOAD src/powerpoint.c.26.o
LOAD src/progress_bar.c.26.o
LOAD src/spotify.c.26.o
LOAD appinfo.auto.c.26.o
LOAD /Users/tyler/pebble-dev/PebbleSDK-2.0.2/Pebble/lib/libpebble.a
START GROUP
LOAD /Users/tyler/pebble-dev/PebbleSDK-2.0.2/arm-cs-tools/bin/../lib/gcc/arm-none-eabi/4.7.2/thumb2/libgcc.a
LOAD /Users/tyler/pebble-dev/PebbleSDK-2.0.2/arm-cs-tools/bin/../lib/gcc/arm-none-eabi/4.7.2/../../../../arm-none-eabi/lib/thumb2/libc.a
END GROUP
LOAD /Users/tyler/pebble-dev/PebbleSDK-2.0.2/arm-cs-tools/bin/../lib/gcc/arm-none-eabi/4.7.2/thumb2/crtend.o
LOAD /Users/tyler/pebble-dev/PebbleSDK-2.0.2/arm-cs-tools/bin/../lib/gcc/arm-none-eabi/4.7.2/thumb2/crtn.o

.header         0x0000000000000000       0x82
 *(.pbl_header)
 .pbl_header    0x0000000000000000       0x82 appinfo.auto.c.26.o
                0x0000000000000000                __pbl_app_info

.text           0x0000000000000084     0x35b0
 *(.text)
 .text          0x0000000000000084       0x14 /Users/tyler/pebble-dev/PebbleSDK-2.0.2/Pebble/lib/libpebble.a(tmpMw9aXupebble.o)
 *(.text.*)
 .text.out_sent_handler
                0x0000000000000098        0x2 src/appmessage.c.26.o
 .text.out_failed_handler
                0x000000000000009a        0x2 src/appmessage.c.26.o
 .text.in_dropped_handler
                0x000000000000009c       0x20 src/appmessage.c.26.o
 .text.in_received_handler
                0x00000000000000bc       0xec src/appmessage.c.26.o
 .text.send_command
                0x00000000000001a8       0x62 src/appmessage.c.26.o
                0x00000000000001a8                send_command
 *fill*         0x000000000000020a        0x2 
 .text.appmessage_init
                0x000000000000020c       0x48 src/appmessage.c.26.o
                0x000000000000020c                appmessage_init
 .text.update_playing_status
                0x0000000000000254       0x30 src/itunes.c.26.o
 .text.down_long_click_handler
                0x0000000000000284       0x2c src/itunes.c.26.o
 .text.update_progress_bar
                0x00000000000002b0       0x44 src/itunes.c.26.o
 .text.select_long_click_handler
                0x00000000000002f4       0xa0 src/itunes.c.26.o
 .text.window_unload
                0x0000000000000394      0x160 src/itunes.c.26.o
 .text.window_disappear
                0x00000000000004f4        0x4 src/itunes.c.26.o
 .text.window_appear
                0x00000000000004f8       0x10 src/itunes.c.26.o
 .text.window_load
                0x0000000000000508      0x2d4 src/itunes.c.26.o
 .text.click_config_provider
                0x00000000000007dc       0x88 src/itunes.c.26.o
 .text.send_request
                0x0000000000000864       0x10 src/itunes.c.26.o
 .text.handle_second_tick
                0x0000000000000874       0xe0 src/itunes.c.26.o
 .text.down_single_click_handler
                0x0000000000000954       0x24 src/itunes.c.26.o
 .text.up_single_click_handler
                0x0000000000000978       0x24 src/itunes.c.26.o
 .text.select_single_click_handler
                0x000000000000099c       0x3c src/itunes.c.26.o
 .text.up_long_click_handler
                0x00000000000009d8       0x58 src/itunes.c.26.o
 .text.down_long_click_release_handler
                0x0000000000000a30       0x58 src/itunes.c.26.o
 .text.up_long_click_release_handler
                0x0000000000000a88       0x70 src/itunes.c.26.o
 .text.itunes_init
                0x0000000000000af8      0x178 src/itunes.c.26.o
                0x0000000000000af8                itunes_init
 .text.itunes_deinit
                0x0000000000000c70       0x34 src/itunes.c.26.o
                0x0000000000000c70                itunes_deinit
 .text.back_single_click_handler
                0x0000000000000ca4       0x10 src/itunes.c.26.o
 .text.itunes_update_ui
                0x0000000000000cb4       0xfc src/itunes.c.26.o
                0x0000000000000cb4                itunes_update_ui
 .text.itunes_control
                0x0000000000000db0       0x1c src/itunes.c.26.o
                0x0000000000000db0                itunes_control
 .text.update_main_text
                0x0000000000000dcc       0x4c src/keynote.c.26.o
 .text.update_progress_bar
                0x0000000000000e18       0x8c src/keynote.c.26.o
 .text.window_unload
                0x0000000000000ea4      0x108 src/keynote.c.26.o
 .text.down_long_click_handler
                0x0000000000000fac       0x2c src/keynote.c.26.o
 .text.select_single_click_handler
                0x0000000000000fd8       0x38 src/keynote.c.26.o
 .text.select_long_click_handler
                0x0000000000001010       0xa0 src/keynote.c.26.o
 .text.window_load
                0x00000000000010b0      0x230 src/keynote.c.26.o
 .text.click_config_provider
                0x00000000000012e0       0x6c src/keynote.c.26.o
 .text.handle_second_tick
                0x000000000000134c       0x60 src/keynote.c.26.o
 .text.up_single_click_handler
                0x00000000000013ac       0x5c src/keynote.c.26.o
 .text.down_long_click_release_handler
                0x0000000000001408       0x60 src/keynote.c.26.o
 .text.down_single_click_handler
                0x0000000000001468       0x68 src/keynote.c.26.o
 .text.keynote_init
                0x00000000000014d0      0x174 src/keynote.c.26.o
                0x00000000000014d0                keynote_init
 .text.keynote_deinit
                0x0000000000001644       0x50 src/keynote.c.26.o
                0x0000000000001644                keynote_deinit
 .text.back_single_click_handler
                0x0000000000001694       0x10 src/keynote.c.26.o
 .text.keynote_update_ui
                0x00000000000016a4       0x6c src/keynote.c.26.o
                0x00000000000016a4                keynote_update_ui
 .text.keynote_control
                0x0000000000001710       0x1c src/keynote.c.26.o
                0x0000000000001710                keynote_control
 .text.menu_get_num_sections_callback
                0x000000000000172c        0x4 src/main.c.26.o
 .text.menu_get_num_rows_callback
                0x0000000000001730        0xa src/main.c.26.o
 .text.menu_get_header_height_callback
                0x000000000000173a        0x4 src/main.c.26.o
 *fill*         0x000000000000173e        0x2 
 .text.window_unload
                0x0000000000001740       0x10 src/main.c.26.o
 .text.window_load
                0x0000000000001750       0xac src/main.c.26.o
 .text.menu_draw_header_callback
                0x00000000000017fc       0x20 src/main.c.26.o
 .text.menu_draw_row_callback
                0x000000000000181c       0x58 src/main.c.26.o
 .text.menu_select_callback
                0x0000000000001874       0x34 src/main.c.26.o
                0x0000000000001874                menu_select_callback
 .text.startup.main
                0x00000000000018a8       0x8c src/main.c.26.o
                0x00000000000018a8                main
 .text.update_progress_bar
                0x0000000000001934       0x8c src/powerpoint.c.26.o
 .text.window_unload
                0x00000000000019c0      0x108 src/powerpoint.c.26.o
 .text.down_long_click_handler
                0x0000000000001ac8       0x2c src/powerpoint.c.26.o
 .text.select_single_click_handler
                0x0000000000001af4       0x38 src/powerpoint.c.26.o
 .text.select_long_click_handler
                0x0000000000001b2c       0xa0 src/powerpoint.c.26.o
 .text.window_load
                0x0000000000001bcc      0x230 src/powerpoint.c.26.o
 .text.click_config_provider
                0x0000000000001dfc       0x6c src/powerpoint.c.26.o
 .text.handle_second_tick
                0x0000000000001e68       0x60 src/powerpoint.c.26.o
 .text.down_long_click_release_handler
                0x0000000000001ec8       0x60 src/powerpoint.c.26.o
 .text.down_single_click_handler
                0x0000000000001f28       0x34 src/powerpoint.c.26.o
 .text.up_single_click_handler
                0x0000000000001f5c       0x34 src/powerpoint.c.26.o
 .text.powerpoint_init
                0x0000000000001f90      0x174 src/powerpoint.c.26.o
                0x0000000000001f90                powerpoint_init
 .text.powerpoint_deinit
                0x0000000000002104       0x50 src/powerpoint.c.26.o
                0x0000000000002104                powerpoint_deinit
 .text.back_single_click_handler
                0x0000000000002154       0x10 src/powerpoint.c.26.o
 .text.powerpoint_update_ui
                0x0000000000002164       0xb8 src/powerpoint.c.26.o
                0x0000000000002164                powerpoint_update_ui
 .text.powerpoint_control
                0x000000000000221c       0x1c src/powerpoint.c.26.o
                0x000000000000221c                powerpoint_control
 .text.progress_bar_layer_update
                0x0000000000002238       0x9a src/progress_bar.c.26.o
 *fill*         0x00000000000022d2        0x2 
 .text.progress_bar_layer_create
                0x00000000000022d4       0x40 src/progress_bar.c.26.o
                0x00000000000022d4                progress_bar_layer_create
 .text.progress_bar_layer_destroy
                0x0000000000002314        0x4 src/progress_bar.c.26.o
                0x0000000000002314                progress_bar_layer_destroy
 .text.progress_bar_layer_set_range
                0x0000000000002318       0x1a src/progress_bar.c.26.o
                0x0000000000002318                progress_bar_layer_set_range
 .text.progress_bar_layer_set_value
                0x0000000000002332       0x16 src/progress_bar.c.26.o
                0x0000000000002332                progress_bar_layer_set_value
 .text.progress_bar_layer_set_frame_color
                0x0000000000002348       0x16 src/progress_bar.c.26.o
                0x0000000000002348                progress_bar_layer_set_frame_color
 .text.progress_bar_layer_set_bar_color
                0x000000000000235e       0x16 src/progress_bar.c.26.o
                0x000000000000235e                progress_bar_layer_set_bar_color
 .text.progress_bar_layer_set_orientation
                0x0000000000002374       0x16 src/progress_bar.c.26.o
                0x0000000000002374                progress_bar_layer_set_orientation
 *fill*         0x000000000000238a        0x2 
 .text.update_playing_status
                0x000000000000238c       0x30 src/spotify.c.26.o
 .text.down_long_click_handler
                0x00000000000023bc       0x2c src/spotify.c.26.o
 .text.update_progress_bar
                0x00000000000023e8       0x44 src/spotify.c.26.o
 .text.select_long_click_handler
                0x000000000000242c       0xa0 src/spotify.c.26.o
 .text.window_unload
                0x00000000000024cc      0x160 src/spotify.c.26.o
 .text.window_disappear
                0x000000000000262c        0x4 src/spotify.c.26.o
 .text.window_appear
                0x0000000000002630       0x10 src/spotify.c.26.o
 .text.window_load
                0x0000000000002640      0x2d4 src/spotify.c.26.o
 .text.click_config_provider
                0x0000000000002914       0x88 src/spotify.c.26.o
 .text.send_request
                0x000000000000299c       0x10 src/spotify.c.26.o
 .text.handle_second_tick
                0x00000000000029ac       0xe0 src/spotify.c.26.o
 .text.down_single_click_handler
                0x0000000000002a8c       0x24 src/spotify.c.26.o
 .text.up_single_click_handler
                0x0000000000002ab0       0x24 src/spotify.c.26.o
 .text.select_single_click_handler
                0x0000000000002ad4       0x3c src/spotify.c.26.o
 .text.up_long_click_handler
                0x0000000000002b10       0x58 src/spotify.c.26.o
 .text.down_long_click_release_handler
                0x0000000000002b68       0x58 src/spotify.c.26.o
 .text.up_long_click_release_handler
                0x0000000000002bc0       0x70 src/spotify.c.26.o
 .text.spotify_init
                0x0000000000002c30      0x178 src/spotify.c.26.o
                0x0000000000002c30                spotify_init
 .text.spotify_deinit
                0x0000000000002da8       0x34 src/spotify.c.26.o
                0x0000000000002da8                spotify_deinit
 .text.back_single_click_handler
                0x0000000000002ddc       0x10 src/spotify.c.26.o
 .text.spotify_update_ui
                0x0000000000002dec       0xfc src/spotify.c.26.o
                0x0000000000002dec                spotify_update_ui
 .text.spotify_control
                0x0000000000002ee8       0x1c src/spotify.c.26.o
                0x0000000000002ee8                spotify_control
 .text.action_bar_layer_add_to_window
                0x0000000000002f04        0xc /Users/tyler/pebble-dev/PebbleSDK-2.0.2/Pebble/lib/libpebble.a(tmpMw9aXupebble.o)
                0x0000000000002f04                action_bar_layer_add_to_window
 .text.action_bar_layer_create
                0x0000000000002f10        0xc /Users/tyler/pebble-dev/PebbleSDK-2.0.2/Pebble/lib/libpebble.a(tmpMw9aXupebble.o)
                0x0000000000002f10                action_bar_layer_create
 .text.action_bar_layer_destroy
                0x0000000000002f1c        0xc /Users/tyler/pebble-dev/PebbleSDK-2.0.2/Pebble/lib/libpebble.a(tmpMw9aXupebble.o)
                0x0000000000002f1c                action_bar_layer_destroy
 .text.action_bar_layer_set_click_config_provider
                0x0000000000002f28        0xc /Users/tyler/pebble-dev/PebbleSDK-2.0.2/Pebble/lib/libpebble.a(tmpMw9aXupebble.o)
                0x0000000000002f28                action_bar_layer_set_click_config_provider
 .text.action_bar_layer_set_icon
                0x0000000000002f34        0xc /Users/tyler/pebble-dev/PebbleSDK-2.0.2/Pebble/lib/libpebble.a(tmpMw9aXupebble.o)
                0x0000000000002f34                action_bar_layer_set_icon
 .text.app_event_loop
                0x0000000000002f40        0xc /Users/tyler/pebble-dev/PebbleSDK-2.0.2/Pebble/lib/libpebble.a(tmpMw9aXupebble.o)
                0x0000000000002f40                app_event_loop
 .text.app_log  0x0000000000002f4c        0xc /Users/tyler/pebble-dev/PebbleSDK-2.0.2/Pebble/lib/libpebble.a(tmpMw9aXupebble.o)
                0x0000000000002f4c                app_log
 .text.app_message_open
                0x0000000000002f58        0xc /Users/tyler/pebble-dev/PebbleSDK-2.0.2/Pebble/lib/libpebble.a(tmpMw9aXupebble.o)
                0x0000000000002f58                app_message_open
 .text.bitmap_layer_create
                0x0000000000002f64        0xc /Users/tyler/pebble-dev/PebbleSDK-2.0.2/Pebble/lib/libpebble.a(tmpMw9aXupebble.o)
                0x0000000000002f64                bitmap_layer_create
 .text.bitmap_layer_destroy
                0x0000000000002f70        0xc /Users/tyler/pebble-dev/PebbleSDK-2.0.2/Pebble/lib/libpebble.a(tmpMw9aXupebble.o)
                0x0000000000002f70                bitmap_layer_destroy
 .text.bitmap_layer_get_layer
                0x0000000000002f7c        0xc /Users/tyler/pebble-dev/PebbleSDK-2.0.2/Pebble/lib/libpebble.a(tmpMw9aXupebble.o)
                0x0000000000002f7c                bitmap_layer_get_layer
 .text.bitmap_layer_set_bitmap
                0x0000000000002f88        0xc /Users/tyler/pebble-dev/PebbleSDK-2.0.2/Pebble/lib/libpebble.a(tmpMw9aXupebble.o)
                0x0000000000002f88                bitmap_layer_set_bitmap
 .text.dict_find
                0x0000000000002f94        0xc /Users/tyler/pebble-dev/PebbleSDK-2.0.2/Pebble/lib/libpebble.a(tmpMw9aXupebble.o)
                0x0000000000002f94                dict_find
 .text.dict_read_first
                0x0000000000002fa0        0xc /Users/tyler/pebble-dev/PebbleSDK-2.0.2/Pebble/lib/libpebble.a(tmpMw9aXupebble.o)
                0x0000000000002fa0                dict_read_first
 .text.dict_read_next
                0x0000000000002fac        0xc /Users/tyler/pebble-dev/PebbleSDK-2.0.2/Pebble/lib/libpebble.a(tmpMw9aXupebble.o)
                0x0000000000002fac                dict_read_next
 .text.dict_write_end
                0x0000000000002fb8        0xc /Users/tyler/pebble-dev/PebbleSDK-2.0.2/Pebble/lib/libpebble.a(tmpMw9aXupebble.o)
                0x0000000000002fb8                dict_write_end
 .text.dict_write_tuplet
                0x0000000000002fc4        0xc /Users/tyler/pebble-dev/PebbleSDK-2.0.2/Pebble/lib/libpebble.a(tmpMw9aXupebble.o)
                0x0000000000002fc4                dict_write_tuplet
 .text.fonts_get_system_font
                0x0000000000002fd0        0xc /Users/tyler/pebble-dev/PebbleSDK-2.0.2/Pebble/lib/libpebble.a(tmpMw9aXupebble.o)
                0x0000000000002fd0                fonts_get_system_font
 .text.free     0x0000000000002fdc        0xc /Users/tyler/pebble-dev/PebbleSDK-2.0.2/Pebble/lib/libpebble.a(tmpMw9aXupebble.o)
                0x0000000000002fdc                free
 .text.gbitmap_create_with_resource
                0x0000000000002fe8        0xc /Users/tyler/pebble-dev/PebbleSDK-2.0.2/Pebble/lib/libpebble.a(tmpMw9aXupebble.o)
                0x0000000000002fe8                gbitmap_create_with_resource
 .text.gbitmap_destroy
                0x0000000000002ff4        0xc /Users/tyler/pebble-dev/PebbleSDK-2.0.2/Pebble/lib/libpebble.a(tmpMw9aXupebble.o)
                0x0000000000002ff4                gbitmap_destroy
 .text.graphics_context_set_fill_color
                0x0000000000003000        0xc /Users/tyler/pebble-dev/PebbleSDK-2.0.2/Pebble/lib/libpebble.a(tmpMw9aXupebble.o)
                0x0000000000003000                graphics_context_set_fill_color
 .text.graphics_context_set_stroke_color
                0x000000000000300c        0xc /Users/tyler/pebble-dev/PebbleSDK-2.0.2/Pebble/lib/libpebble.a(tmpMw9aXupebble.o)
                0x000000000000300c                graphics_context_set_stroke_color
 .text.graphics_draw_round_rect
                0x0000000000003018        0xc /Users/tyler/pebble-dev/PebbleSDK-2.0.2/Pebble/lib/libpebble.a(tmpMw9aXupebble.o)
                0x0000000000003018                graphics_draw_round_rect
 .text.graphics_fill_rect
                0x0000000000003024        0xc /Users/tyler/pebble-dev/PebbleSDK-2.0.2/Pebble/lib/libpebble.a(tmpMw9aXupebble.o)
                0x0000000000003024                graphics_fill_rect
 .text.layer_add_child
                0x0000000000003030        0xc /Users/tyler/pebble-dev/PebbleSDK-2.0.2/Pebble/lib/libpebble.a(tmpMw9aXupebble.o)
                0x0000000000003030                layer_add_child
 .text.layer_create_with_data
                0x000000000000303c        0xc /Users/tyler/pebble-dev/PebbleSDK-2.0.2/Pebble/lib/libpebble.a(tmpMw9aXupebble.o)
                0x000000000000303c                layer_create_with_data
 .text.layer_destroy
                0x0000000000003048        0xc /Users/tyler/pebble-dev/PebbleSDK-2.0.2/Pebble/lib/libpebble.a(tmpMw9aXupebble.o)
                0x0000000000003048                layer_destroy
 .text.layer_get_bounds
                0x0000000000003054        0xc /Users/tyler/pebble-dev/PebbleSDK-2.0.2/Pebble/lib/libpebble.a(tmpMw9aXupebble.o)
                0x0000000000003054                layer_get_bounds
 .text.layer_get_data
                0x0000000000003060        0xc /Users/tyler/pebble-dev/PebbleSDK-2.0.2/Pebble/lib/libpebble.a(tmpMw9aXupebble.o)
                0x0000000000003060                layer_get_data
 .text.layer_get_frame
                0x000000000000306c        0xc /Users/tyler/pebble-dev/PebbleSDK-2.0.2/Pebble/lib/libpebble.a(tmpMw9aXupebble.o)
                0x000000000000306c                layer_get_frame
 .text.layer_mark_dirty
                0x0000000000003078        0xc /Users/tyler/pebble-dev/PebbleSDK-2.0.2/Pebble/lib/libpebble.a(tmpMw9aXupebble.o)
                0x0000000000003078                layer_mark_dirty
 .text.layer_set_hidden
                0x0000000000003084        0xc /Users/tyler/pebble-dev/PebbleSDK-2.0.2/Pebble/lib/libpebble.a(tmpMw9aXupebble.o)
                0x0000000000003084                layer_set_hidden
 .text.layer_set_update_proc
                0x0000000000003090        0xc /Users/tyler/pebble-dev/PebbleSDK-2.0.2/Pebble/lib/libpebble.a(tmpMw9aXupebble.o)
                0x0000000000003090                layer_set_update_proc
 .text.malloc   0x000000000000309c        0xc /Users/tyler/pebble-dev/PebbleSDK-2.0.2/Pebble/lib/libpebble.a(tmpMw9aXupebble.o)
                0x000000000000309c                malloc
 .text.memset   0x00000000000030a8        0xc /Users/tyler/pebble-dev/PebbleSDK-2.0.2/Pebble/lib/libpebble.a(tmpMw9aXupebble.o)
                0x00000000000030a8                memset
 .text.menu_cell_basic_draw
                0x00000000000030b4        0xc /Users/tyler/pebble-dev/PebbleSDK-2.0.2/Pebble/lib/libpebble.a(tmpMw9aXupebble.o)
                0x00000000000030b4                menu_cell_basic_draw
 .text.menu_cell_basic_header_draw
                0x00000000000030c0        0xc /Users/tyler/pebble-dev/PebbleSDK-2.0.2/Pebble/lib/libpebble.a(tmpMw9aXupebble.o)
                0x00000000000030c0                menu_cell_basic_header_draw
 .text.menu_layer_create
                0x00000000000030cc        0xc /Users/tyler/pebble-dev/PebbleSDK-2.0.2/Pebble/lib/libpebble.a(tmpMw9aXupebble.o)
                0x00000000000030cc                menu_layer_create
 .text.menu_layer_destroy
                0x00000000000030d8        0xc /Users/tyler/pebble-dev/PebbleSDK-2.0.2/Pebble/lib/libpebble.a(tmpMw9aXupebble.o)
                0x00000000000030d8                menu_layer_destroy
 .text.menu_layer_get_layer
                0x00000000000030e4        0xc /Users/tyler/pebble-dev/PebbleSDK-2.0.2/Pebble/lib/libpebble.a(tmpMw9aXupebble.o)
                0x00000000000030e4                menu_layer_get_layer
 .text.menu_layer_set_callbacks
                0x00000000000030f0        0xc /Users/tyler/pebble-dev/PebbleSDK-2.0.2/Pebble/lib/libpebble.a(tmpMw9aXupebble.o)
                0x00000000000030f0                menu_layer_set_callbacks
 .text.menu_layer_set_click_config_onto_window
                0x00000000000030fc        0xc /Users/tyler/pebble-dev/PebbleSDK-2.0.2/Pebble/lib/libpebble.a(tmpMw9aXupebble.o)
                0x00000000000030fc                menu_layer_set_click_config_onto_window
 .text.snprintf
                0x0000000000003108        0xc /Users/tyler/pebble-dev/PebbleSDK-2.0.2/Pebble/lib/libpebble.a(tmpMw9aXupebble.o)
                0x0000000000003108                snprintf
 .text.strcmp   0x0000000000003114        0xc /Users/tyler/pebble-dev/PebbleSDK-2.0.2/Pebble/lib/libpebble.a(tmpMw9aXupebble.o)
                0x0000000000003114                strcmp
 .text.strlen   0x0000000000003120        0xc /Users/tyler/pebble-dev/PebbleSDK-2.0.2/Pebble/lib/libpebble.a(tmpMw9aXupebble.o)
                0x0000000000003120                strlen
 .text.text_layer_create
                0x000000000000312c        0xc /Users/tyler/pebble-dev/PebbleSDK-2.0.2/Pebble/lib/libpebble.a(tmpMw9aXupebble.o)
                0x000000000000312c                text_layer_create
 .text.text_layer_destroy
                0x0000000000003138        0xc /Users/tyler/pebble-dev/PebbleSDK-2.0.2/Pebble/lib/libpebble.a(tmpMw9aXupebble.o)
                0x0000000000003138                text_layer_destroy
 .text.text_layer_get_layer
                0x0000000000003144        0xc /Users/tyler/pebble-dev/PebbleSDK-2.0.2/Pebble/lib/libpebble.a(tmpMw9aXupebble.o)
                0x0000000000003144                text_layer_get_layer
 .text.text_layer_set_font
                0x0000000000003150        0xc /Users/tyler/pebble-dev/PebbleSDK-2.0.2/Pebble/lib/libpebble.a(tmpMw9aXupebble.o)
                0x0000000000003150                text_layer_set_font
 .text.text_layer_set_overflow_mode
                0x000000000000315c        0xc /Users/tyler/pebble-dev/PebbleSDK-2.0.2/Pebble/lib/libpebble.a(tmpMw9aXupebble.o)
                0x000000000000315c                text_layer_set_overflow_mode
 .text.text_layer_set_text
                0x0000000000003168        0xc /Users/tyler/pebble-dev/PebbleSDK-2.0.2/Pebble/lib/libpebble.a(tmpMw9aXupebble.o)
                0x0000000000003168                text_layer_set_text
 .text.text_layer_set_text_alignment
                0x0000000000003174        0xc /Users/tyler/pebble-dev/PebbleSDK-2.0.2/Pebble/lib/libpebble.a(tmpMw9aXupebble.o)
                0x0000000000003174                text_layer_set_text_alignment
 .text.tick_timer_service_subscribe
                0x0000000000003180        0xc /Users/tyler/pebble-dev/PebbleSDK-2.0.2/Pebble/lib/libpebble.a(tmpMw9aXupebble.o)
                0x0000000000003180                tick_timer_service_subscribe
 .text.tick_timer_service_unsubscribe
                0x000000000000318c        0xc /Users/tyler/pebble-dev/PebbleSDK-2.0.2/Pebble/lib/libpebble.a(tmpMw9aXupebble.o)
                0x000000000000318c                tick_timer_service_unsubscribe
 .text.window_create
                0x0000000000003198        0xc /Users/tyler/pebble-dev/PebbleSDK-2.0.2/Pebble/lib/libpebble.a(tmpMw9aXupebble.o)
                0x0000000000003198                window_create
 .text.window_destroy
                0x00000000000031a4        0xc /Users/tyler/pebble-dev/PebbleSDK-2.0.2/Pebble/lib/libpebble.a(tmpMw9aXupebble.o)
                0x00000000000031a4                window_destroy
 .text.window_get_root_layer
                0x00000000000031b0        0xc /Users/tyler/pebble-dev/PebbleSDK-2.0.2/Pebble/lib/libpebble.a(tmpMw9aXupebble.o)
                0x00000000000031b0                window_get_root_layer
 .text.window_set_status_bar_icon
                0x00000000000031bc        0xc /Users/tyler/pebble-dev/PebbleSDK-2.0.2/Pebble/lib/libpebble.a(tmpMw9aXupebble.o)
                0x00000000000031bc                window_set_status_bar_icon
 .text.window_set_window_handlers
                0x00000000000031c8        0xc /Users/tyler/pebble-dev/PebbleSDK-2.0.2/Pebble/lib/libpebble.a(tmpMw9aXupebble.o)
                0x00000000000031c8                window_set_window_handlers
 .text.window_stack_pop
                0x00000000000031d4        0xc /Users/tyler/pebble-dev/PebbleSDK-2.0.2/Pebble/lib/libpebble.a(tmpMw9aXupebble.o)
                0x00000000000031d4                window_stack_pop
 .text.window_stack_push
                0x00000000000031e0        0xc /Users/tyler/pebble-dev/PebbleSDK-2.0.2/Pebble/lib/libpebble.a(tmpMw9aXupebble.o)
                0x00000000000031e0                window_stack_push
 .text.app_message_inbox_size_maximum
                0x00000000000031ec        0xc /Users/tyler/pebble-dev/PebbleSDK-2.0.2/Pebble/lib/libpebble.a(tmpMw9aXupebble.o)
                0x00000000000031ec                app_message_inbox_size_maximum
 .text.app_message_outbox_begin
                0x00000000000031f8        0xc /Users/tyler/pebble-dev/PebbleSDK-2.0.2/Pebble/lib/libpebble.a(tmpMw9aXupebble.o)
                0x00000000000031f8                app_message_outbox_begin
 .text.app_message_outbox_send
                0x0000000000003204        0xc /Users/tyler/pebble-dev/PebbleSDK-2.0.2/Pebble/lib/libpebble.a(tmpMw9aXupebble.o)
                0x0000000000003204                app_message_outbox_send
 .text.app_message_outbox_size_maximum
                0x0000000000003210        0xc /Users/tyler/pebble-dev/PebbleSDK-2.0.2/Pebble/lib/libpebble.a(tmpMw9aXupebble.o)
                0x0000000000003210                app_message_outbox_size_maximum
 .text.app_message_register_inbox_dropped
                0x000000000000321c        0xc /Users/tyler/pebble-dev/PebbleSDK-2.0.2/Pebble/lib/libpebble.a(tmpMw9aXupebble.o)
                0x000000000000321c                app_message_register_inbox_dropped
 .text.app_message_register_inbox_received
                0x0000000000003228        0xc /Users/tyler/pebble-dev/PebbleSDK-2.0.2/Pebble/lib/libpebble.a(tmpMw9aXupebble.o)
                0x0000000000003228                app_message_register_inbox_received
 .text.app_message_register_outbox_failed
                0x0000000000003234        0xc /Users/tyler/pebble-dev/PebbleSDK-2.0.2/Pebble/lib/libpebble.a(tmpMw9aXupebble.o)
                0x0000000000003234                app_message_register_outbox_failed
 .text.app_message_register_outbox_sent
                0x0000000000003240        0xc /Users/tyler/pebble-dev/PebbleSDK-2.0.2/Pebble/lib/libpebble.a(tmpMw9aXupebble.o)
                0x0000000000003240                app_message_register_outbox_sent
 .text.window_long_click_subscribe
                0x000000000000324c        0xc /Users/tyler/pebble-dev/PebbleSDK-2.0.2/Pebble/lib/libpebble.a(tmpMw9aXupebble.o)
                0x000000000000324c                window_long_click_subscribe
 .text.window_single_click_subscribe
                0x0000000000003258        0xc /Users/tyler/pebble-dev/PebbleSDK-2.0.2/Pebble/lib/libpebble.a(tmpMw9aXupebble.o)
                0x0000000000003258                window_single_click_subscribe
 *(.rodata)
 .rodata        0x0000000000003264       0x18 src/itunes.c.26.o
 .rodata        0x000000000000327c       0x10 src/keynote.c.26.o
 .rodata        0x000000000000328c       0x10 src/powerpoint.c.26.o
 .rodata        0x000000000000329c       0x18 src/spotify.c.26.o
 *(.rodata*)
 .rodata.str1.1
                0x00000000000032b4       0xb4 src/appmessage.c.26.o
 .rodata.str1.1
                0x0000000000003368      0x10a src/itunes.c.26.o
                                        0x111 (size before relaxing)
 .rodata.str1.1
                0x0000000000003472       0xb7 src/keynote.c.26.o
                                        0x134 (size before relaxing)
 .rodata.str1.1
                0x0000000000003529       0x3f src/main.c.26.o
                                         0x61 (size before relaxing)
 .rodata.str1.1
                0x0000000000003568       0x6c src/powerpoint.c.26.o
                                        0x143 (size before relaxing)
 .rodata.str1.1
                0x00000000000035d4       0x60 src/spotify.c.26.o
                                        0x116 (size before relaxing)

.glue_7         0x0000000000003634        0x0
 .glue_7        0x0000000000000000        0x0 linker stubs

.glue_7t        0x0000000000003634        0x0
 .glue_7t       0x0000000000000000        0x0 linker stubs

.vfp11_veneer   0x0000000000003634        0x0
 .vfp11_veneer  0x0000000000000000        0x0 linker stubs

.v4_bx          0x0000000000003634        0x0
 .v4_bx         0x0000000000000000        0x0 linker stubs

.iplt           0x0000000000003634        0x0
 .iplt          0x0000000000000000        0x0 /Users/tyler/pebble-dev/PebbleSDK-2.0.2/arm-cs-tools/bin/../lib/gcc/arm-none-eabi/4.7.2/thumb2/crtbegin.o

.rel.dyn        0x0000000000003634        0x0
 .rel.iplt      0x0000000000000000        0x0 /Users/tyler/pebble-dev/PebbleSDK-2.0.2/arm-cs-tools/bin/../lib/gcc/arm-none-eabi/4.7.2/thumb2/crtbegin.o
 .rel.got       0x0000000000000000        0x0 /Users/tyler/pebble-dev/PebbleSDK-2.0.2/arm-cs-tools/bin/../lib/gcc/arm-none-eabi/4.7.2/thumb2/crtbegin.o

.data           0x0000000000003634       0x24
 *(.data)
 .data          0x0000000000003634        0x0 /Users/tyler/pebble-dev/PebbleSDK-2.0.2/arm-cs-tools/bin/../lib/gcc/arm-none-eabi/4.7.2/thumb2/crti.o
 .data          0x0000000000003634        0x4 /Users/tyler/pebble-dev/PebbleSDK-2.0.2/arm-cs-tools/bin/../lib/gcc/arm-none-eabi/4.7.2/thumb2/crtbegin.o
                0x0000000000003634                __dso_handle
 .data          0x0000000000003638        0x0 src/appmessage.c.26.o
 .data          0x0000000000003638       0x10 src/itunes.c.26.o
 .data          0x0000000000003648        0x0 src/keynote.c.26.o
 .data          0x0000000000003648        0x0 src/main.c.26.o
 .data          0x0000000000003648        0x0 src/powerpoint.c.26.o
 .data          0x0000000000003648        0x0 src/progress_bar.c.26.o
 .data          0x0000000000003648       0x10 src/spotify.c.26.o
 .data          0x0000000000003658        0x0 appinfo.auto.c.26.o
 .data          0x0000000000003658        0x0 /Users/tyler/pebble-dev/PebbleSDK-2.0.2/Pebble/lib/libpebble.a(tmpMw9aXupebble.o)
 .data          0x0000000000003658        0x0 /Users/tyler/pebble-dev/PebbleSDK-2.0.2/arm-cs-tools/bin/../lib/gcc/arm-none-eabi/4.7.2/thumb2/crtend.o
 .data          0x0000000000003658        0x0 /Users/tyler/pebble-dev/PebbleSDK-2.0.2/arm-cs-tools/bin/../lib/gcc/arm-none-eabi/4.7.2/thumb2/crtn.o
 *(.data.*)

.igot.plt       0x0000000000003658        0x0
 .igot.plt      0x0000000000000000        0x0 /Users/tyler/pebble-dev/PebbleSDK-2.0.2/arm-cs-tools/bin/../lib/gcc/arm-none-eabi/4.7.2/thumb2/crtbegin.o

.got            0x0000000000003658        0x4
 .got           0x0000000000003658        0x4 /Users/tyler/pebble-dev/PebbleSDK-2.0.2/arm-cs-tools/bin/../lib/gcc/arm-none-eabi/4.7.2/thumb2/crtbegin.o

.got.plt        0x000000000000365c        0xc
 .got.plt       0x000000000000365c        0xc /Users/tyler/pebble-dev/PebbleSDK-2.0.2/arm-cs-tools/bin/../lib/gcc/arm-none-eabi/4.7.2/thumb2/crtbegin.o
                0x000000000000365c                _GLOBAL_OFFSET_TABLE_

.bss            0x0000000000003668      0x1b2
 *(.bss)
 *(.bss.*)
 .bss.app_volume
                0x0000000000003668        0x1 src/itunes.c.26.o
 .bss.has_stale_information
                0x0000000000003669        0x1 src/itunes.c.26.o
 *fill*         0x000000000000366a        0x2 
 .bss.header_text
                0x000000000000366c        0x4 src/itunes.c.26.o
 .bss.action_icon_refresh
                0x0000000000003670        0x4 src/itunes.c.26.o
 .bss.refresh_icon_showing
                0x0000000000003674        0x1 src/itunes.c.26.o
 *fill*         0x0000000000003675        0x1 
 .bss.position  0x0000000000003676        0x2 src/itunes.c.26.o
 .bss.progress_bar_clock
                0x0000000000003678        0x4 src/itunes.c.26.o
 .bss.progress_bar_volume_icon
                0x000000000000367c        0x4 src/itunes.c.26.o
 .bss.progress_bar_left_icon_layer
                0x0000000000003680        0x4 src/itunes.c.26.o
 .bss.duration  0x0000000000003684        0x2 src/itunes.c.26.o
 *fill*         0x0000000000003686        0x2 
 .bss.dotted_status_bottom_layer
                0x0000000000003688        0x4 src/itunes.c.26.o
 .bss.is_playing
                0x000000000000368c        0x1 src/itunes.c.26.o
 *fill*         0x000000000000368d        0x3 
 .bss.footer_text
                0x0000000000003690        0x4 src/itunes.c.26.o
 .bss.window    0x0000000000003694        0x4 src/itunes.c.26.o
 .bss.sys_volume
                0x0000000000003698        0x1 src/itunes.c.26.o
 *fill*         0x0000000000003699        0x3 
 .bss.main_text
                0x000000000000369c        0x4 src/itunes.c.26.o
 .bss.progress_bar_right_icon_layer
                0x00000000000036a0        0x4 src/itunes.c.26.o
 .bss.progress_bar
                0x00000000000036a4        0x4 src/itunes.c.26.o
 .bss.action_icon_pause
                0x00000000000036a8        0x4 src/itunes.c.26.o
 .bss.action_icon_fast_forward
                0x00000000000036ac        0x4 src/itunes.c.26.o
 .bss.action_icon_volume_down
                0x00000000000036b0        0x4 src/itunes.c.26.o
 .bss.action_icon_play
                0x00000000000036b4        0x4 src/itunes.c.26.o
 .bss.dotted_status
                0x00000000000036b8        0x4 src/itunes.c.26.o
 .bss.status_bar_icon
                0x00000000000036bc        0x4 src/itunes.c.26.o
 .bss.action_bar
                0x00000000000036c0        0x4 src/itunes.c.26.o
 .bss.progress_bar_shuffle
                0x00000000000036c4        0x4 src/itunes.c.26.o
 .bss.dotted_status_top_layer
                0x00000000000036c8        0x4 src/itunes.c.26.o
 .bss.shuffle_icon_showing
                0x00000000000036cc        0x1 src/itunes.c.26.o
 .bss.controlling_volume
                0x00000000000036cd        0x1 src/itunes.c.26.o
 *fill*         0x00000000000036ce        0x2 
 .bss.progress_bar_no_shuffle
                0x00000000000036d0        0x4 src/itunes.c.26.o
 .bss.action_icon_volume_up
                0x00000000000036d4        0x4 src/itunes.c.26.o
 .bss.action_icon_rewind
                0x00000000000036d8        0x4 src/itunes.c.26.o
 .bss.is_shuffling
                0x00000000000036dc        0x1 src/itunes.c.26.o
 *fill*         0x00000000000036dd        0x3 
 .bss.time_text
                0x00000000000036e0        0x4 src/keynote.c.26.o
 .bss.main_text
                0x00000000000036e4        0x4 src/keynote.c.26.o
 .bss.footer_text
                0x00000000000036e8        0x4 src/keynote.c.26.o
 .bss.action_icon_refresh
                0x00000000000036ec        0x4 src/keynote.c.26.o
 .bss.refresh_icon_showing
                0x00000000000036f0        0x1 src/keynote.c.26.o
 *fill*         0x00000000000036f1        0x1 
 .bss.position  0x00000000000036f2        0x2 src/keynote.c.26.o
 .bss.is_playing
                0x00000000000036f4        0x1 src/keynote.c.26.o
 *fill*         0x00000000000036f5        0x3 
 .bss.progress_bar_clock
                0x00000000000036f8        0x4 src/keynote.c.26.o
 .bss.progress_bar_left_icon_layer
                0x00000000000036fc        0x4 src/keynote.c.26.o
 .bss.duration  0x0000000000003700        0x2 src/keynote.c.26.o
 *fill*         0x0000000000003702        0x2 
 .bss.header_text
                0x0000000000003704        0x4 src/keynote.c.26.o
 .bss.window    0x0000000000003708        0x4 src/keynote.c.26.o
 .bss.sys_volume
                0x000000000000370c        0x1 src/keynote.c.26.o
 *fill*         0x000000000000370d        0x3 
 .bss.action_icon_right_arrow
                0x0000000000003710        0x4 src/keynote.c.26.o
 .bss.progress_bar
                0x0000000000003714        0x4 src/keynote.c.26.o
 .bss.action_icon_pause
                0x0000000000003718        0x4 src/keynote.c.26.o
 .bss.action_icon_volume_down
                0x000000000000371c        0x4 src/keynote.c.26.o
 .bss.action_icon_play
                0x0000000000003720        0x4 src/keynote.c.26.o
 .bss.slide_progress_text
                0x0000000000003724        0x4 src/keynote.c.26.o
 .bss.status_bar_icon
                0x0000000000003728        0x4 src/keynote.c.26.o
 .bss.action_bar
                0x000000000000372c        0x4 src/keynote.c.26.o
 .bss.controlling_volume
                0x0000000000003730        0x1 src/keynote.c.26.o
 *fill*         0x0000000000003731        0x1 
 .bss.seconds   0x0000000000003732        0x2 src/keynote.c.26.o
 .bss.action_icon_volume_up
                0x0000000000003734        0x4 src/keynote.c.26.o
 .bss.progress_bar_volume_icon
                0x0000000000003738        0x4 src/keynote.c.26.o
 .bss.action_icon_left_arrow
                0x000000000000373c        0x4 src/keynote.c.26.o
 .bss.menu_layer
                0x0000000000003740        0x4 src/main.c.26.o
 .bss.window    0x0000000000003744        0x4 src/main.c.26.o
 .bss.main_text
                0x0000000000003748        0x4 src/powerpoint.c.26.o
 .bss.footer_text
                0x000000000000374c        0x4 src/powerpoint.c.26.o
 .bss.action_icon_refresh
                0x0000000000003750        0x4 src/powerpoint.c.26.o
 .bss.refresh_icon_showing
                0x0000000000003754        0x1 src/powerpoint.c.26.o
 *fill*         0x0000000000003755        0x1 
 .bss.position  0x0000000000003756        0x2 src/powerpoint.c.26.o
 .bss.time_text
                0x0000000000003758        0x4 src/powerpoint.c.26.o
 .bss.progress_bar_clock
                0x000000000000375c        0x4 src/powerpoint.c.26.o
 .bss.progress_bar_volume_icon
                0x0000000000003760        0x4 src/powerpoint.c.26.o
 .bss.header_text
                0x0000000000003764        0x4 src/powerpoint.c.26.o
 .bss.duration  0x0000000000003768        0x2 src/powerpoint.c.26.o
 .bss.is_playing
                0x000000000000376a        0x1 src/powerpoint.c.26.o
 *fill*         0x000000000000376b        0x1 
 .bss.window    0x000000000000376c        0x4 src/powerpoint.c.26.o
 .bss.sys_volume
                0x0000000000003770        0x1 src/powerpoint.c.26.o
 *fill*         0x0000000000003771        0x3 
 .bss.action_icon_right_arrow
                0x0000000000003774        0x4 src/powerpoint.c.26.o
 .bss.progress_bar
                0x0000000000003778        0x4 src/powerpoint.c.26.o
 .bss.action_icon_pause
                0x000000000000377c        0x4 src/powerpoint.c.26.o
 .bss.action_icon_volume_down
                0x0000000000003780        0x4 src/powerpoint.c.26.o
 .bss.action_icon_play
                0x0000000000003784        0x4 src/powerpoint.c.26.o
 .bss.slide_progress_text
                0x0000000000003788        0x4 src/powerpoint.c.26.o
 .bss.status_bar_icon
                0x000000000000378c        0x4 src/powerpoint.c.26.o
 .bss.action_bar
                0x0000000000003790        0x4 src/powerpoint.c.26.o
 .bss.controlling_volume
                0x0000000000003794        0x1 src/powerpoint.c.26.o
 *fill*         0x0000000000003795        0x1 
 .bss.seconds   0x0000000000003796        0x2 src/powerpoint.c.26.o
 .bss.action_icon_volume_up
                0x0000000000003798        0x4 src/powerpoint.c.26.o
 .bss.progress_bar_left_icon_layer
                0x000000000000379c        0x4 src/powerpoint.c.26.o
 .bss.action_icon_left_arrow
                0x00000000000037a0        0x4 src/powerpoint.c.26.o
 .bss.app_volume
                0x00000000000037a4        0x1 src/spotify.c.26.o
 .bss.has_stale_information
                0x00000000000037a5        0x1 src/spotify.c.26.o
 *fill*         0x00000000000037a6        0x2 
 .bss.header_text
                0x00000000000037a8        0x4 src/spotify.c.26.o
 .bss.action_icon_refresh
                0x00000000000037ac        0x4 src/spotify.c.26.o
 .bss.refresh_icon_showing
                0x00000000000037b0        0x1 src/spotify.c.26.o
 *fill*         0x00000000000037b1        0x1 
 .bss.position  0x00000000000037b2        0x2 src/spotify.c.26.o
 .bss.progress_bar_clock
                0x00000000000037b4        0x4 src/spotify.c.26.o
 .bss.progress_bar_volume_icon
                0x00000000000037b8        0x4 src/spotify.c.26.o
 .bss.progress_bar_left_icon_layer
                0x00000000000037bc        0x4 src/spotify.c.26.o
 .bss.duration  0x00000000000037c0        0x2 src/spotify.c.26.o
 *fill*         0x00000000000037c2        0x2 
 .bss.dotted_status_bottom_layer
                0x00000000000037c4        0x4 src/spotify.c.26.o
 .bss.is_playing
                0x00000000000037c8        0x1 src/spotify.c.26.o
 *fill*         0x00000000000037c9        0x3 
 .bss.footer_text
                0x00000000000037cc        0x4 src/spotify.c.26.o
 .bss.window    0x00000000000037d0        0x4 src/spotify.c.26.o
 .bss.sys_volume
                0x00000000000037d4        0x1 src/spotify.c.26.o
 *fill*         0x00000000000037d5        0x3 
 .bss.main_text
                0x00000000000037d8        0x4 src/spotify.c.26.o
 .bss.progress_bar_right_icon_layer
                0x00000000000037dc        0x4 src/spotify.c.26.o
 .bss.progress_bar
                0x00000000000037e0        0x4 src/spotify.c.26.o
 .bss.action_icon_pause
                0x00000000000037e4        0x4 src/spotify.c.26.o
 .bss.action_icon_fast_forward
                0x00000000000037e8        0x4 src/spotify.c.26.o
 .bss.action_icon_volume_down
                0x00000000000037ec        0x4 src/spotify.c.26.o
 .bss.action_icon_play
                0x00000000000037f0        0x4 src/spotify.c.26.o
 .bss.dotted_status
                0x00000000000037f4        0x4 src/spotify.c.26.o
 .bss.status_bar_icon
                0x00000000000037f8        0x4 src/spotify.c.26.o
 .bss.action_bar
                0x00000000000037fc        0x4 src/spotify.c.26.o
 .bss.progress_bar_shuffle
                0x0000000000003800        0x4 src/spotify.c.26.o
 .bss.dotted_status_top_layer
                0x0000000000003804        0x4 src/spotify.c.26.o
 .bss.shuffle_icon_showing
                0x0000000000003808        0x1 src/spotify.c.26.o
 .bss.controlling_volume
                0x0000000000003809        0x1 src/spotify.c.26.o
 *fill*         0x000000000000380a        0x2 
 .bss.progress_bar_no_shuffle
                0x000000000000380c        0x4 src/spotify.c.26.o
 .bss.action_icon_volume_up
                0x0000000000003810        0x4 src/spotify.c.26.o
 .bss.action_icon_rewind
                0x0000000000003814        0x4 src/spotify.c.26.o
 .bss.is_shuffling
                0x0000000000003818        0x1 src/spotify.c.26.o
 COMMON         0x0000000000003819        0x1 src/main.c.26.o
                0x0000000000003819                wsConnected

DISCARD
 libc.a(*)
 libm.a(*)
 libgcc.a(*)
 *(.eh_frame)
OUTPUT(/Users/tyler/Dropbox/dev/pebblemac/pebble/build/pebble-app.elf elf32-littlearm)

.ARM.attributes
                0x0000000000000000       0x27
 .ARM.attributes
                0x0000000000000000       0x19 /Users/tyler/pebble-dev/PebbleSDK-2.0.2/arm-cs-tools/bin/../lib/gcc/arm-none-eabi/4.7.2/thumb2/crti.o
 .ARM.attributes
                0x0000000000000019       0x29 /Users/tyler/pebble-dev/PebbleSDK-2.0.2/arm-cs-tools/bin/../lib/gcc/arm-none-eabi/4.7.2/thumb2/crtbegin.o
 .ARM.attributes
                0x0000000000000042       0x33 src/appmessage.c.26.o
 .ARM.attributes
                0x0000000000000075       0x33 src/itunes.c.26.o
 .ARM.attributes
                0x00000000000000a8       0x33 src/keynote.c.26.o
 .ARM.attributes
                0x00000000000000db       0x33 src/main.c.26.o
 .ARM.attributes
                0x000000000000010e       0x33 src/powerpoint.c.26.o
 .ARM.attributes
                0x0000000000000141       0x33 src/progress_bar.c.26.o
 .ARM.attributes
                0x0000000000000174       0x33 src/spotify.c.26.o
 .ARM.attributes
                0x00000000000001a7       0x33 appinfo.auto.c.26.o
 .ARM.attributes
                0x00000000000001da       0x21 /Users/tyler/pebble-dev/PebbleSDK-2.0.2/Pebble/lib/libpebble.a(tmpMw9aXupebble.o)
 .ARM.attributes
                0x00000000000001fb       0x29 /Users/tyler/pebble-dev/PebbleSDK-2.0.2/arm-cs-tools/bin/../lib/gcc/arm-none-eabi/4.7.2/thumb2/crtend.o
 .ARM.attributes
                0x0000000000000224       0x19 /Users/tyler/pebble-dev/PebbleSDK-2.0.2/arm-cs-tools/bin/../lib/gcc/arm-none-eabi/4.7.2/thumb2/crtn.o

.comment        0x0000000000000000       0x4e
 .comment       0x0000000000000000       0x4e /Users/tyler/pebble-dev/PebbleSDK-2.0.2/arm-cs-tools/bin/../lib/gcc/arm-none-eabi/4.7.2/thumb2/crtbegin.o
                                         0x4f (size before relaxing)
 .comment       0x0000000000000000       0x4f src/appmessage.c.26.o
 .comment       0x0000000000000000       0x4f src/itunes.c.26.o
 .comment       0x0000000000000000       0x4f src/keynote.c.26.o
 .comment       0x0000000000000000       0x4f src/main.c.26.o
 .comment       0x0000000000000000       0x4f src/powerpoint.c.26.o
 .comment       0x0000000000000000       0x4f src/progress_bar.c.26.o
 .comment       0x0000000000000000       0x4f src/spotify.c.26.o
 .comment       0x0000000000000000       0x4f appinfo.auto.c.26.o
 .comment       0x0000000000000000       0x4f /Users/tyler/pebble-dev/PebbleSDK-2.0.2/arm-cs-tools/bin/../lib/gcc/arm-none-eabi/4.7.2/thumb2/crtend.o

.debug_info     0x0000000000000000     0x8e27
 .debug_info    0x0000000000000000      0xaa4 src/appmessage.c.26.o
 .debug_info    0x0000000000000aa4     0x1b80 src/itunes.c.26.o
 .debug_info    0x0000000000002624     0x1ab8 src/keynote.c.26.o
 .debug_info    0x00000000000040dc      0xc78 src/main.c.26.o
 .debug_info    0x0000000000004d54     0x19d8 src/powerpoint.c.26.o
 .debug_info    0x000000000000672c      0x7e7 src/progress_bar.c.26.o
 .debug_info    0x0000000000006f13     0x1b80 src/spotify.c.26.o
 .debug_info    0x0000000000008a93      0x394 appinfo.auto.c.26.o

.debug_abbrev   0x0000000000000000     0x1972
 .debug_abbrev  0x0000000000000000      0x2b3 src/appmessage.c.26.o
 .debug_abbrev  0x00000000000002b3      0x41e src/itunes.c.26.o
 .debug_abbrev  0x00000000000006d1      0x416 src/keynote.c.26.o
 .debug_abbrev  0x0000000000000ae7      0x37e src/main.c.26.o
 .debug_abbrev  0x0000000000000e65      0x407 src/powerpoint.c.26.o
 .debug_abbrev  0x000000000000126c      0x23d src/progress_bar.c.26.o
 .debug_abbrev  0x00000000000014a9      0x41e src/spotify.c.26.o
 .debug_abbrev  0x00000000000018c7       0xab appinfo.auto.c.26.o

.debug_loc      0x0000000000000000     0x23f0
 .debug_loc     0x0000000000000000      0x1bc src/appmessage.c.26.o
 .debug_loc     0x00000000000001bc      0x6c8 src/itunes.c.26.o
 .debug_loc     0x0000000000000884      0x63c src/keynote.c.26.o
 .debug_loc     0x0000000000000ec0      0x478 src/main.c.26.o
 .debug_loc     0x0000000000001338      0x63d src/powerpoint.c.26.o
 .debug_loc     0x0000000000001975      0x3b3 src/progress_bar.c.26.o
 .debug_loc     0x0000000000001d28      0x6c8 src/spotify.c.26.o

.debug_aranges  0x0000000000000000      0x3f0
 .debug_aranges
                0x0000000000000000       0x48 src/appmessage.c.26.o
 .debug_aranges
                0x0000000000000048       0xd0 src/itunes.c.26.o
 .debug_aranges
                0x0000000000000118       0xa0 src/keynote.c.26.o
 .debug_aranges
                0x00000000000001b8       0x60 src/main.c.26.o
 .debug_aranges
                0x0000000000000218       0x98 src/powerpoint.c.26.o
 .debug_aranges
                0x00000000000002b0       0x58 src/progress_bar.c.26.o
 .debug_aranges
                0x0000000000000308       0xd0 src/spotify.c.26.o
 .debug_aranges
                0x00000000000003d8       0x18 appinfo.auto.c.26.o

.debug_ranges   0x0000000000000000      0x5c8
 .debug_ranges  0x0000000000000000       0x38 src/appmessage.c.26.o
 .debug_ranges  0x0000000000000038       0xc0 src/itunes.c.26.o
 .debug_ranges  0x00000000000000f8      0x1d0 src/keynote.c.26.o
 .debug_ranges  0x00000000000002c8       0x90 src/main.c.26.o
 .debug_ranges  0x0000000000000358      0x168 src/powerpoint.c.26.o
 .debug_ranges  0x00000000000004c0       0x48 src/progress_bar.c.26.o
 .debug_ranges  0x0000000000000508       0xc0 src/spotify.c.26.o

.debug_line     0x0000000000000000     0x1a7d
 .debug_line    0x0000000000000000      0x2a7 src/appmessage.c.26.o
 .debug_line    0x00000000000002a7      0x495 src/itunes.c.26.o
 .debug_line    0x000000000000073c      0x488 src/keynote.c.26.o
 .debug_line    0x0000000000000bc4      0x231 src/main.c.26.o
 .debug_line    0x0000000000000df5      0x457 src/powerpoint.c.26.o
 .debug_line    0x000000000000124c      0x27f src/progress_bar.c.26.o
 .debug_line    0x00000000000014cb      0x496 src/spotify.c.26.o
 .debug_line    0x0000000000001961      0x11c appinfo.auto.c.26.o

.debug_str      0x0000000000000000     0x1cc7
 .debug_str     0x0000000000000000      0x6f7 src/appmessage.c.26.o
                                        0x78c (size before relaxing)
 .debug_str     0x00000000000006f7      0xddd src/itunes.c.26.o
                                       0x11ab (size before relaxing)
 .debug_str     0x00000000000014d4       0xf0 src/keynote.c.26.o
                                       0x10d3 (size before relaxing)
 .debug_str     0x00000000000015c4      0x396 src/main.c.26.o
                                        0x6bc (size before relaxing)
 .debug_str     0x000000000000195a       0x36 src/powerpoint.c.26.o
                                       0x10be (size before relaxing)
 .debug_str     0x0000000000001990      0x1a9 src/progress_bar.c.26.o
                                        0x4af (size before relaxing)
 .debug_str     0x0000000000001b39       0x3f src/spotify.c.26.o
                                       0x11b1 (size before relaxing)
 .debug_str     0x0000000000001b78      0x14f appinfo.auto.c.26.o
                                        0x513 (size before relaxing)

.debug_frame    0x0000000000000000      0xa1c
 .debug_frame   0x0000000000000000       0xa0 src/appmessage.c.26.o
 .debug_frame   0x00000000000000a0      0x21c src/itunes.c.26.o
 .debug_frame   0x00000000000002bc      0x1d4 src/keynote.c.26.o
 .debug_frame   0x0000000000000490       0xd4 src/main.c.26.o
 .debug_frame   0x0000000000000564      0x1ac src/powerpoint.c.26.o
 .debug_frame   0x0000000000000710       0xf0 src/progress_bar.c.26.o
 .debug_frame   0x0000000000000800      0x21c src/spotify.c.26.o
